nohup: ignoring input

Collecting usage statistics. To deactivate, set browser.gatherUsageStats to false.


  You can now view your Streamlit app in your browser.

  Local URL: http://localhost:8504
  Network URL: http://10.141.20.22:8504
  External URL: http://50.228.121.39:8504

/home/brianna/apps/ubiqcore_test/util/functions/filter_dataframe.py:31: UserWarning: Could not infer format, so each element will be parsed individually, falling back to `dateutil`. To ensure parsing is consistent and as-expected, please specify a format.
  df[col] = pd.to_datetime(df[col])
/home/brianna/apps/ubiqcore_test/util/functions/filter_dataframe.py:31: UserWarning: Could not infer format, so each element will be parsed individually, falling back to `dateutil`. To ensure parsing is consistent and as-expected, please specify a format.
  df[col] = pd.to_datetime(df[col])
/home/brianna/apps/ubiqcore_test/util/functions/filter_dataframe.py:31: UserWarning: Could not infer format, so each element will be parsed individually, falling back to `dateutil`. To ensure parsing is consistent and as-expected, please specify a format.
  df[col] = pd.to_datetime(df[col])
/home/brianna/apps/ubiqcore_test/util/functions/filter_dataframe.py:31: UserWarning: Could not infer format, so each element will be parsed individually, falling back to `dateutil`. To ensure parsing is consistent and as-expected, please specify a format.
  df[col] = pd.to_datetime(df[col])
/home/brianna/apps/ubiqcore_test/util/functions/filter_dataframe.py:31: UserWarning: Could not infer format, so each element will be parsed individually, falling back to `dateutil`. To ensure parsing is consistent and as-expected, please specify a format.
  df[col] = pd.to_datetime(df[col])
/home/brianna/apps/ubiqcore_test/util/functions/filter_dataframe.py:31: UserWarning: Could not infer format, so each element will be parsed individually, falling back to `dateutil`. To ensure parsing is consistent and as-expected, please specify a format.
  df[col] = pd.to_datetime(df[col])
/home/brianna/apps/ubiqcore_test/util/functions/filter_dataframe.py:31: UserWarning: Could not infer format, so each element will be parsed individually, falling back to `dateutil`. To ensure parsing is consistent and as-expected, please specify a format.
  df[col] = pd.to_datetime(df[col])
/home/brianna/apps/ubiqcore_test/util/functions/filter_dataframe.py:31: UserWarning: Could not infer format, so each element will be parsed individually, falling back to `dateutil`. To ensure parsing is consistent and as-expected, please specify a format.
  df[col] = pd.to_datetime(df[col])
/home/brianna/apps/ubiqcore_test/util/functions/filter_dataframe.py:31: UserWarning: Could not infer format, so each element will be parsed individually, falling back to `dateutil`. To ensure parsing is consistent and as-expected, please specify a format.
  df[col] = pd.to_datetime(df[col])
/home/brianna/apps/ubiqcore_test/util/functions/filter_dataframe.py:31: UserWarning: Could not infer format, so each element will be parsed individually, falling back to `dateutil`. To ensure parsing is consistent and as-expected, please specify a format.
  df[col] = pd.to_datetime(df[col])
/home/brianna/apps/ubiqcore_test/util/functions/filter_dataframe.py:31: UserWarning: Could not infer format, so each element will be parsed individually, falling back to `dateutil`. To ensure parsing is consistent and as-expected, please specify a format.
  df[col] = pd.to_datetime(df[col])
/home/brianna/apps/ubiqcore_test/util/functions/filter_dataframe.py:31: UserWarning: Could not infer format, so each element will be parsed individually, falling back to `dateutil`. To ensure parsing is consistent and as-expected, please specify a format.
  df[col] = pd.to_datetime(df[col])
/home/brianna/apps/ubiqcore_test/util/functions/filter_dataframe.py:31: UserWarning: Could not infer format, so each element will be parsed individually, falling back to `dateutil`. To ensure parsing is consistent and as-expected, please specify a format.
  df[col] = pd.to_datetime(df[col])
/home/brianna/apps/ubiqcore_test/util/functions/filter_dataframe.py:31: UserWarning: Could not infer format, so each element will be parsed individually, falling back to `dateutil`. To ensure parsing is consistent and as-expected, please specify a format.
  df[col] = pd.to_datetime(df[col])
WARNING: Parameter `debug` is expired, please use `spec_io_mode` instead.
/home/brianna/apps/ubiqcore_test/util/functions/filter_dataframe.py:31: UserWarning: Could not infer format, so each element will be parsed individually, falling back to `dateutil`. To ensure parsing is consistent and as-expected, please specify a format.
  df[col] = pd.to_datetime(df[col])
/home/brianna/apps/ubiqcore_test/util/functions/filter_dataframe.py:31: UserWarning: Could not infer format, so each element will be parsed individually, falling back to `dateutil`. To ensure parsing is consistent and as-expected, please specify a format.
  df[col] = pd.to_datetime(df[col])
/home/brianna/apps/ubiqcore_test/util/functions/filter_dataframe.py:31: UserWarning: Could not infer format, so each element will be parsed individually, falling back to `dateutil`. To ensure parsing is consistent and as-expected, please specify a format.
  df[col] = pd.to_datetime(df[col])
/home/brianna/apps/ubiqcore_test/util/functions/filter_dataframe.py:31: UserWarning: Could not infer format, so each element will be parsed individually, falling back to `dateutil`. To ensure parsing is consistent and as-expected, please specify a format.
  df[col] = pd.to_datetime(df[col])
/home/brianna/apps/ubiqcore_test/util/functions/filter_dataframe.py:31: UserWarning: Could not infer format, so each element will be parsed individually, falling back to `dateutil`. To ensure parsing is consistent and as-expected, please specify a format.
  df[col] = pd.to_datetime(df[col])
/home/brianna/apps/ubiqcore_test/util/functions/filter_dataframe.py:31: UserWarning: Could not infer format, so each element will be parsed individually, falling back to `dateutil`. To ensure parsing is consistent and as-expected, please specify a format.
  df[col] = pd.to_datetime(df[col])
/home/brianna/apps/ubiqcore_test/util/functions/filter_dataframe.py:31: UserWarning: Could not infer format, so each element will be parsed individually, falling back to `dateutil`. To ensure parsing is consistent and as-expected, please specify a format.
  df[col] = pd.to_datetime(df[col])
/home/brianna/apps/ubiqcore_test/util/functions/filter_dataframe.py:31: UserWarning: Could not infer format, so each element will be parsed individually, falling back to `dateutil`. To ensure parsing is consistent and as-expected, please specify a format.
  df[col] = pd.to_datetime(df[col])
/home/brianna/apps/ubiqcore_test/util/functions/filter_dataframe.py:31: UserWarning: Could not infer format, so each element will be parsed individually, falling back to `dateutil`. To ensure parsing is consistent and as-expected, please specify a format.
  df[col] = pd.to_datetime(df[col])
/home/brianna/apps/ubiqcore_test/util/functions/filter_dataframe.py:31: UserWarning: Could not infer format, so each element will be parsed individually, falling back to `dateutil`. To ensure parsing is consistent and as-expected, please specify a format.
  df[col] = pd.to_datetime(df[col])
/home/brianna/apps/ubiqcore_test/util/functions/filter_dataframe.py:31: UserWarning: Could not infer format, so each element will be parsed individually, falling back to `dateutil`. To ensure parsing is consistent and as-expected, please specify a format.
  df[col] = pd.to_datetime(df[col])
/home/brianna/apps/ubiqcore_test/util/functions/filter_dataframe.py:31: UserWarning: Could not infer format, so each element will be parsed individually, falling back to `dateutil`. To ensure parsing is consistent and as-expected, please specify a format.
  df[col] = pd.to_datetime(df[col])
/home/brianna/apps/ubiqcore_test/util/functions/filter_dataframe.py:31: UserWarning: Could not infer format, so each element will be parsed individually, falling back to `dateutil`. To ensure parsing is consistent and as-expected, please specify a format.
  df[col] = pd.to_datetime(df[col])
/home/brianna/apps/ubiqcore_test/util/functions/filter_dataframe.py:31: UserWarning: Could not infer format, so each element will be parsed individually, falling back to `dateutil`. To ensure parsing is consistent and as-expected, please specify a format.
  df[col] = pd.to_datetime(df[col])
2026-06-03 11:21:53.774 Please replace `use_container_width` with `width`.

`use_container_width` will be removed after 2025-12-31.

For `use_container_width=True`, use `width='stretch'`. For `use_container_width=False`, use `width='content'`.
/home/brianna/apps/ubiqcore_test/util/functions/filter_dataframe.py:31: UserWarning: Could not infer format, so each element will be parsed individually, falling back to `dateutil`. To ensure parsing is consistent and as-expected, please specify a format.
  df[col] = pd.to_datetime(df[col])
/home/brianna/apps/ubiqcore_test/util/functions/filter_dataframe.py:31: UserWarning: Could not infer format, so each element will be parsed individually, falling back to `dateutil`. To ensure parsing is consistent and as-expected, please specify a format.
  df[col] = pd.to_datetime(df[col])
/home/brianna/apps/ubiqcore_test/util/functions/filter_dataframe.py:31: UserWarning: Could not infer format, so each element will be parsed individually, falling back to `dateutil`. To ensure parsing is consistent and as-expected, please specify a format.
  df[col] = pd.to_datetime(df[col])
/home/brianna/apps/ubiqcore_test/util/functions/filter_dataframe.py:31: UserWarning: Could not infer format, so each element will be parsed individually, falling back to `dateutil`. To ensure parsing is consistent and as-expected, please specify a format.
  df[col] = pd.to_datetime(df[col])
/home/brianna/apps/ubiqcore_test/util/functions/filter_dataframe.py:31: UserWarning: Could not infer format, so each element will be parsed individually, falling back to `dateutil`. To ensure parsing is consistent and as-expected, please specify a format.
  df[col] = pd.to_datetime(df[col])
/home/brianna/apps/ubiqcore_test/util/functions/filter_dataframe.py:31: UserWarning: Could not infer format, so each element will be parsed individually, falling back to `dateutil`. To ensure parsing is consistent and as-expected, please specify a format.
  df[col] = pd.to_datetime(df[col])
/home/brianna/apps/ubiqcore_test/util/functions/filter_dataframe.py:31: UserWarning: Could not infer format, so each element will be parsed individually, falling back to `dateutil`. To ensure parsing is consistent and as-expected, please specify a format.
  df[col] = pd.to_datetime(df[col])
/home/brianna/apps/ubiqcore_test/util/functions/filter_dataframe.py:31: UserWarning: Could not infer format, so each element will be parsed individually, falling back to `dateutil`. To ensure parsing is consistent and as-expected, please specify a format.
  df[col] = pd.to_datetime(df[col])
/home/brianna/apps/ubiqcore_test/util/functions/filter_dataframe.py:31: UserWarning: Could not infer format, so each element will be parsed individually, falling back to `dateutil`. To ensure parsing is consistent and as-expected, please specify a format.
  df[col] = pd.to_datetime(df[col])
/home/brianna/apps/ubiqcore_test/util/functions/filter_dataframe.py:31: UserWarning: Could not infer format, so each element will be parsed individually, falling back to `dateutil`. To ensure parsing is consistent and as-expected, please specify a format.
  df[col] = pd.to_datetime(df[col])
/home/brianna/apps/ubiqcore_test/util/functions/filter_dataframe.py:31: UserWarning: Could not infer format, so each element will be parsed individually, falling back to `dateutil`. To ensure parsing is consistent and as-expected, please specify a format.
  df[col] = pd.to_datetime(df[col])
/home/brianna/apps/ubiqcore_test/util/functions/filter_dataframe.py:31: UserWarning: Could not infer format, so each element will be parsed individually, falling back to `dateutil`. To ensure parsing is consistent and as-expected, please specify a format.
  df[col] = pd.to_datetime(df[col])
/home/brianna/apps/ubiqcore_test/util/functions/filter_dataframe.py:31: UserWarning: Could not infer format, so each element will be parsed individually, falling back to `dateutil`. To ensure parsing is consistent and as-expected, please specify a format.
  df[col] = pd.to_datetime(df[col])
/home/brianna/apps/ubiqcore_test/util/functions/filter_dataframe.py:31: UserWarning: Could not infer format, so each element will be parsed individually, falling back to `dateutil`. To ensure parsing is consistent and as-expected, please specify a format.
  df[col] = pd.to_datetime(df[col])
2026-06-03 11:21:59.926 Please replace `use_container_width` with `width`.

`use_container_width` will be removed after 2025-12-31.

For `use_container_width=True`, use `width='stretch'`. For `use_container_width=False`, use `width='content'`.
/home/brianna/apps/ubiqcore_test/util/functions/filter_dataframe.py:31: UserWarning: Could not infer format, so each element will be parsed individually, falling back to `dateutil`. To ensure parsing is consistent and as-expected, please specify a format.
  df[col] = pd.to_datetime(df[col])
/home/brianna/apps/ubiqcore_test/util/functions/filter_dataframe.py:31: UserWarning: Could not infer format, so each element will be parsed individually, falling back to `dateutil`. To ensure parsing is consistent and as-expected, please specify a format.
  df[col] = pd.to_datetime(df[col])
/home/brianna/apps/ubiqcore_test/util/functions/filter_dataframe.py:31: UserWarning: Could not infer format, so each element will be parsed individually, falling back to `dateutil`. To ensure parsing is consistent and as-expected, please specify a format.
  df[col] = pd.to_datetime(df[col])
/home/brianna/apps/ubiqcore_test/util/functions/filter_dataframe.py:31: UserWarning: Could not infer format, so each element will be parsed individually, falling back to `dateutil`. To ensure parsing is consistent and as-expected, please specify a format.
  df[col] = pd.to_datetime(df[col])
/home/brianna/apps/ubiqcore_test/util/functions/filter_dataframe.py:31: UserWarning: Could not infer format, so each element will be parsed individually, falling back to `dateutil`. To ensure parsing is consistent and as-expected, please specify a format.
  df[col] = pd.to_datetime(df[col])
/home/brianna/apps/ubiqcore_test/util/functions/filter_dataframe.py:31: UserWarning: Could not infer format, so each element will be parsed individually, falling back to `dateutil`. To ensure parsing is consistent and as-expected, please specify a format.
  df[col] = pd.to_datetime(df[col])
/home/brianna/apps/ubiqcore_test/util/functions/filter_dataframe.py:31: UserWarning: Could not infer format, so each element will be parsed individually, falling back to `dateutil`. To ensure parsing is consistent and as-expected, please specify a format.
  df[col] = pd.to_datetime(df[col])
/home/brianna/apps/ubiqcore_test/util/functions/filter_dataframe.py:31: UserWarning: Could not infer format, so each element will be parsed individually, falling back to `dateutil`. To ensure parsing is consistent and as-expected, please specify a format.
  df[col] = pd.to_datetime(df[col])
/home/brianna/apps/ubiqcore_test/util/functions/filter_dataframe.py:31: UserWarning: Could not infer format, so each element will be parsed individually, falling back to `dateutil`. To ensure parsing is consistent and as-expected, please specify a format.
  df[col] = pd.to_datetime(df[col])
/home/brianna/apps/ubiqcore_test/util/functions/filter_dataframe.py:31: UserWarning: Could not infer format, so each element will be parsed individually, falling back to `dateutil`. To ensure parsing is consistent and as-expected, please specify a format.
  df[col] = pd.to_datetime(df[col])
/home/brianna/apps/ubiqcore_test/util/functions/filter_dataframe.py:31: UserWarning: Could not infer format, so each element will be parsed individually, falling back to `dateutil`. To ensure parsing is consistent and as-expected, please specify a format.
  df[col] = pd.to_datetime(df[col])
/home/brianna/apps/ubiqcore_test/util/functions/filter_dataframe.py:31: UserWarning: Could not infer format, so each element will be parsed individually, falling back to `dateutil`. To ensure parsing is consistent and as-expected, please specify a format.
  df[col] = pd.to_datetime(df[col])
/home/brianna/apps/ubiqcore_test/util/functions/filter_dataframe.py:31: UserWarning: Could not infer format, so each element will be parsed individually, falling back to `dateutil`. To ensure parsing is consistent and as-expected, please specify a format.
  df[col] = pd.to_datetime(df[col])
/home/brianna/apps/ubiqcore_test/util/functions/filter_dataframe.py:31: UserWarning: Could not infer format, so each element will be parsed individually, falling back to `dateutil`. To ensure parsing is consistent and as-expected, please specify a format.
  df[col] = pd.to_datetime(df[col])
2026-06-03 11:22:07.224 Please replace `use_container_width` with `width`.

`use_container_width` will be removed after 2025-12-31.

For `use_container_width=True`, use `width='stretch'`. For `use_container_width=False`, use `width='content'`.
/home/brianna/apps/ubiqcore_test/util/functions/filter_dataframe.py:31: UserWarning: Could not infer format, so each element will be parsed individually, falling back to `dateutil`. To ensure parsing is consistent and as-expected, please specify a format.
  df[col] = pd.to_datetime(df[col])
/home/brianna/apps/ubiqcore_test/util/functions/filter_dataframe.py:31: UserWarning: Could not infer format, so each element will be parsed individually, falling back to `dateutil`. To ensure parsing is consistent and as-expected, please specify a format.
  df[col] = pd.to_datetime(df[col])
/home/brianna/apps/ubiqcore_test/util/functions/filter_dataframe.py:31: UserWarning: Could not infer format, so each element will be parsed individually, falling back to `dateutil`. To ensure parsing is consistent and as-expected, please specify a format.
  df[col] = pd.to_datetime(df[col])
/home/brianna/apps/ubiqcore_test/util/functions/filter_dataframe.py:31: UserWarning: Could not infer format, so each element will be parsed individually, falling back to `dateutil`. To ensure parsing is consistent and as-expected, please specify a format.
  df[col] = pd.to_datetime(df[col])
/home/brianna/apps/ubiqcore_test/util/functions/filter_dataframe.py:31: UserWarning: Could not infer format, so each element will be parsed individually, falling back to `dateutil`. To ensure parsing is consistent and as-expected, please specify a format.
  df[col] = pd.to_datetime(df[col])
/home/brianna/apps/ubiqcore_test/util/functions/filter_dataframe.py:31: UserWarning: Could not infer format, so each element will be parsed individually, falling back to `dateutil`. To ensure parsing is consistent and as-expected, please specify a format.
  df[col] = pd.to_datetime(df[col])
/home/brianna/apps/ubiqcore_test/util/functions/filter_dataframe.py:31: UserWarning: Could not infer format, so each element will be parsed individually, falling back to `dateutil`. To ensure parsing is consistent and as-expected, please specify a format.
  df[col] = pd.to_datetime(df[col])
/home/brianna/apps/ubiqcore_test/util/functions/filter_dataframe.py:31: UserWarning: Could not infer format, so each element will be parsed individually, falling back to `dateutil`. To ensure parsing is consistent and as-expected, please specify a format.
  df[col] = pd.to_datetime(df[col])
/home/brianna/apps/ubiqcore_test/util/functions/filter_dataframe.py:31: UserWarning: Could not infer format, so each element will be parsed individually, falling back to `dateutil`. To ensure parsing is consistent and as-expected, please specify a format.
  df[col] = pd.to_datetime(df[col])
/home/brianna/apps/ubiqcore_test/util/functions/filter_dataframe.py:31: UserWarning: Could not infer format, so each element will be parsed individually, falling back to `dateutil`. To ensure parsing is consistent and as-expected, please specify a format.
  df[col] = pd.to_datetime(df[col])
/home/brianna/apps/ubiqcore_test/util/functions/filter_dataframe.py:31: UserWarning: Could not infer format, so each element will be parsed individually, falling back to `dateutil`. To ensure parsing is consistent and as-expected, please specify a format.
  df[col] = pd.to_datetime(df[col])
/home/brianna/apps/ubiqcore_test/util/functions/filter_dataframe.py:31: UserWarning: Could not infer format, so each element will be parsed individually, falling back to `dateutil`. To ensure parsing is consistent and as-expected, please specify a format.
  df[col] = pd.to_datetime(df[col])
/home/brianna/apps/ubiqcore_test/util/functions/filter_dataframe.py:31: UserWarning: Could not infer format, so each element will be parsed individually, falling back to `dateutil`. To ensure parsing is consistent and as-expected, please specify a format.
  df[col] = pd.to_datetime(df[col])
/home/brianna/apps/ubiqcore_test/util/functions/filter_dataframe.py:31: UserWarning: Could not infer format, so each element will be parsed individually, falling back to `dateutil`. To ensure parsing is consistent and as-expected, please specify a format.
  df[col] = pd.to_datetime(df[col])
2026-06-03 11:22:09.889 Please replace `use_container_width` with `width`.

`use_container_width` will be removed after 2025-12-31.

For `use_container_width=True`, use `width='stretch'`. For `use_container_width=False`, use `width='content'`.
/home/brianna/apps/ubiqcore_test/util/functions/filter_dataframe.py:31: UserWarning: Could not infer format, so each element will be parsed individually, falling back to `dateutil`. To ensure parsing is consistent and as-expected, please specify a format.
  df[col] = pd.to_datetime(df[col])
/home/brianna/apps/ubiqcore_test/util/functions/filter_dataframe.py:31: UserWarning: Could not infer format, so each element will be parsed individually, falling back to `dateutil`. To ensure parsing is consistent and as-expected, please specify a format.
  df[col] = pd.to_datetime(df[col])
/home/brianna/apps/ubiqcore_test/util/functions/filter_dataframe.py:31: UserWarning: Could not infer format, so each element will be parsed individually, falling back to `dateutil`. To ensure parsing is consistent and as-expected, please specify a format.
  df[col] = pd.to_datetime(df[col])
/home/brianna/apps/ubiqcore_test/util/functions/filter_dataframe.py:31: UserWarning: Could not infer format, so each element will be parsed individually, falling back to `dateutil`. To ensure parsing is consistent and as-expected, please specify a format.
  df[col] = pd.to_datetime(df[col])
/home/brianna/apps/ubiqcore_test/util/functions/filter_dataframe.py:31: UserWarning: Could not infer format, so each element will be parsed individually, falling back to `dateutil`. To ensure parsing is consistent and as-expected, please specify a format.
  df[col] = pd.to_datetime(df[col])
/home/brianna/apps/ubiqcore_test/util/functions/filter_dataframe.py:31: UserWarning: Could not infer format, so each element will be parsed individually, falling back to `dateutil`. To ensure parsing is consistent and as-expected, please specify a format.
  df[col] = pd.to_datetime(df[col])
/home/brianna/apps/ubiqcore_test/util/functions/filter_dataframe.py:31: UserWarning: Could not infer format, so each element will be parsed individually, falling back to `dateutil`. To ensure parsing is consistent and as-expected, please specify a format.
  df[col] = pd.to_datetime(df[col])
/home/brianna/apps/ubiqcore_test/util/functions/filter_dataframe.py:31: UserWarning: Could not infer format, so each element will be parsed individually, falling back to `dateutil`. To ensure parsing is consistent and as-expected, please specify a format.
  df[col] = pd.to_datetime(df[col])
/home/brianna/apps/ubiqcore_test/util/functions/filter_dataframe.py:31: UserWarning: Could not infer format, so each element will be parsed individually, falling back to `dateutil`. To ensure parsing is consistent and as-expected, please specify a format.
  df[col] = pd.to_datetime(df[col])
/home/brianna/apps/ubiqcore_test/util/functions/filter_dataframe.py:31: UserWarning: Could not infer format, so each element will be parsed individually, falling back to `dateutil`. To ensure parsing is consistent and as-expected, please specify a format.
  df[col] = pd.to_datetime(df[col])
/home/brianna/apps/ubiqcore_test/util/functions/filter_dataframe.py:31: UserWarning: Could not infer format, so each element will be parsed individually, falling back to `dateutil`. To ensure parsing is consistent and as-expected, please specify a format.
  df[col] = pd.to_datetime(df[col])
/home/brianna/apps/ubiqcore_test/util/functions/filter_dataframe.py:31: UserWarning: Could not infer format, so each element will be parsed individually, falling back to `dateutil`. To ensure parsing is consistent and as-expected, please specify a format.
  df[col] = pd.to_datetime(df[col])
/home/brianna/apps/ubiqcore_test/util/functions/filter_dataframe.py:31: UserWarning: Could not infer format, so each element will be parsed individually, falling back to `dateutil`. To ensure parsing is consistent and as-expected, please specify a format.
  df[col] = pd.to_datetime(df[col])
/home/brianna/apps/ubiqcore_test/util/functions/filter_dataframe.py:31: UserWarning: Could not infer format, so each element will be parsed individually, falling back to `dateutil`. To ensure parsing is consistent and as-expected, please specify a format.
  df[col] = pd.to_datetime(df[col])
2026-06-03 11:22:10.957 Please replace `use_container_width` with `width`.

`use_container_width` will be removed after 2025-12-31.

For `use_container_width=True`, use `width='stretch'`. For `use_container_width=False`, use `width='content'`.
/home/brianna/apps/ubiqcore_test/util/functions/filter_dataframe.py:31: UserWarning: Could not infer format, so each element will be parsed individually, falling back to `dateutil`. To ensure parsing is consistent and as-expected, please specify a format.
  df[col] = pd.to_datetime(df[col])
/home/brianna/apps/ubiqcore_test/util/functions/filter_dataframe.py:31: UserWarning: Could not infer format, so each element will be parsed individually, falling back to `dateutil`. To ensure parsing is consistent and as-expected, please specify a format.
  df[col] = pd.to_datetime(df[col])
/home/brianna/apps/ubiqcore_test/util/functions/filter_dataframe.py:31: UserWarning: Could not infer format, so each element will be parsed individually, falling back to `dateutil`. To ensure parsing is consistent and as-expected, please specify a format.
  df[col] = pd.to_datetime(df[col])
/home/brianna/apps/ubiqcore_test/util/functions/filter_dataframe.py:31: UserWarning: Could not infer format, so each element will be parsed individually, falling back to `dateutil`. To ensure parsing is consistent and as-expected, please specify a format.
  df[col] = pd.to_datetime(df[col])
/home/brianna/apps/ubiqcore_test/util/functions/filter_dataframe.py:31: UserWarning: Could not infer format, so each element will be parsed individually, falling back to `dateutil`. To ensure parsing is consistent and as-expected, please specify a format.
  df[col] = pd.to_datetime(df[col])
/home/brianna/apps/ubiqcore_test/util/functions/filter_dataframe.py:31: UserWarning: Could not infer format, so each element will be parsed individually, falling back to `dateutil`. To ensure parsing is consistent and as-expected, please specify a format.
  df[col] = pd.to_datetime(df[col])
/home/brianna/apps/ubiqcore_test/util/functions/filter_dataframe.py:31: UserWarning: Could not infer format, so each element will be parsed individually, falling back to `dateutil`. To ensure parsing is consistent and as-expected, please specify a format.
  df[col] = pd.to_datetime(df[col])
/home/brianna/apps/ubiqcore_test/util/functions/filter_dataframe.py:31: UserWarning: Could not infer format, so each element will be parsed individually, falling back to `dateutil`. To ensure parsing is consistent and as-expected, please specify a format.
  df[col] = pd.to_datetime(df[col])
/home/brianna/apps/ubiqcore_test/util/functions/filter_dataframe.py:31: UserWarning: Could not infer format, so each element will be parsed individually, falling back to `dateutil`. To ensure parsing is consistent and as-expected, please specify a format.
  df[col] = pd.to_datetime(df[col])
/home/brianna/apps/ubiqcore_test/util/functions/filter_dataframe.py:31: UserWarning: Could not infer format, so each element will be parsed individually, falling back to `dateutil`. To ensure parsing is consistent and as-expected, please specify a format.
  df[col] = pd.to_datetime(df[col])
/home/brianna/apps/ubiqcore_test/util/functions/filter_dataframe.py:31: UserWarning: Could not infer format, so each element will be parsed individually, falling back to `dateutil`. To ensure parsing is consistent and as-expected, please specify a format.
  df[col] = pd.to_datetime(df[col])
/home/brianna/apps/ubiqcore_test/util/functions/filter_dataframe.py:31: UserWarning: Could not infer format, so each element will be parsed individually, falling back to `dateutil`. To ensure parsing is consistent and as-expected, please specify a format.
  df[col] = pd.to_datetime(df[col])
/home/brianna/apps/ubiqcore_test/util/functions/filter_dataframe.py:31: UserWarning: Could not infer format, so each element will be parsed individually, falling back to `dateutil`. To ensure parsing is consistent and as-expected, please specify a format.
  df[col] = pd.to_datetime(df[col])
/home/brianna/apps/ubiqcore_test/util/functions/filter_dataframe.py:31: UserWarning: Could not infer format, so each element will be parsed individually, falling back to `dateutil`. To ensure parsing is consistent and as-expected, please specify a format.
  df[col] = pd.to_datetime(df[col])
2026-06-03 11:22:11.743 Please replace `use_container_width` with `width`.

`use_container_width` will be removed after 2025-12-31.

For `use_container_width=True`, use `width='stretch'`. For `use_container_width=False`, use `width='content'`.
/home/brianna/apps/ubiqcore_test/util/functions/filter_dataframe.py:31: UserWarning: Could not infer format, so each element will be parsed individually, falling back to `dateutil`. To ensure parsing is consistent and as-expected, please specify a format.
  df[col] = pd.to_datetime(df[col])
/home/brianna/apps/ubiqcore_test/util/functions/filter_dataframe.py:31: UserWarning: Could not infer format, so each element will be parsed individually, falling back to `dateutil`. To ensure parsing is consistent and as-expected, please specify a format.
  df[col] = pd.to_datetime(df[col])
/home/brianna/apps/ubiqcore_test/util/functions/filter_dataframe.py:31: UserWarning: Could not infer format, so each element will be parsed individually, falling back to `dateutil`. To ensure parsing is consistent and as-expected, please specify a format.
  df[col] = pd.to_datetime(df[col])
/home/brianna/apps/ubiqcore_test/util/functions/filter_dataframe.py:31: UserWarning: Could not infer format, so each element will be parsed individually, falling back to `dateutil`. To ensure parsing is consistent and as-expected, please specify a format.
  df[col] = pd.to_datetime(df[col])
/home/brianna/apps/ubiqcore_test/util/functions/filter_dataframe.py:31: UserWarning: Could not infer format, so each element will be parsed individually, falling back to `dateutil`. To ensure parsing is consistent and as-expected, please specify a format.
  df[col] = pd.to_datetime(df[col])
/home/brianna/apps/ubiqcore_test/util/functions/filter_dataframe.py:31: UserWarning: Could not infer format, so each element will be parsed individually, falling back to `dateutil`. To ensure parsing is consistent and as-expected, please specify a format.
  df[col] = pd.to_datetime(df[col])
/home/brianna/apps/ubiqcore_test/util/functions/filter_dataframe.py:31: UserWarning: Could not infer format, so each element will be parsed individually, falling back to `dateutil`. To ensure parsing is consistent and as-expected, please specify a format.
  df[col] = pd.to_datetime(df[col])
/home/brianna/apps/ubiqcore_test/util/functions/filter_dataframe.py:31: UserWarning: Could not infer format, so each element will be parsed individually, falling back to `dateutil`. To ensure parsing is consistent and as-expected, please specify a format.
  df[col] = pd.to_datetime(df[col])
/home/brianna/apps/ubiqcore_test/util/functions/filter_dataframe.py:31: UserWarning: Could not infer format, so each element will be parsed individually, falling back to `dateutil`. To ensure parsing is consistent and as-expected, please specify a format.
  df[col] = pd.to_datetime(df[col])
/home/brianna/apps/ubiqcore_test/util/functions/filter_dataframe.py:31: UserWarning: Could not infer format, so each element will be parsed individually, falling back to `dateutil`. To ensure parsing is consistent and as-expected, please specify a format.
  df[col] = pd.to_datetime(df[col])
/home/brianna/apps/ubiqcore_test/util/functions/filter_dataframe.py:31: UserWarning: Could not infer format, so each element will be parsed individually, falling back to `dateutil`. To ensure parsing is consistent and as-expected, please specify a format.
  df[col] = pd.to_datetime(df[col])
/home/brianna/apps/ubiqcore_test/util/functions/filter_dataframe.py:31: UserWarning: Could not infer format, so each element will be parsed individually, falling back to `dateutil`. To ensure parsing is consistent and as-expected, please specify a format.
  df[col] = pd.to_datetime(df[col])
/home/brianna/apps/ubiqcore_test/util/functions/filter_dataframe.py:31: UserWarning: Could not infer format, so each element will be parsed individually, falling back to `dateutil`. To ensure parsing is consistent and as-expected, please specify a format.
  df[col] = pd.to_datetime(df[col])
/home/brianna/apps/ubiqcore_test/util/functions/filter_dataframe.py:31: UserWarning: Could not infer format, so each element will be parsed individually, falling back to `dateutil`. To ensure parsing is consistent and as-expected, please specify a format.
  df[col] = pd.to_datetime(df[col])
2026-06-03 11:22:14.642 Please replace `use_container_width` with `width`.

`use_container_width` will be removed after 2025-12-31.

For `use_container_width=True`, use `width='stretch'`. For `use_container_width=False`, use `width='content'`.
/home/brianna/apps/ubiqcore_test/util/functions/filter_dataframe.py:31: UserWarning: Could not infer format, so each element will be parsed individually, falling back to `dateutil`. To ensure parsing is consistent and as-expected, please specify a format.
  df[col] = pd.to_datetime(df[col])
/home/brianna/apps/ubiqcore_test/util/functions/filter_dataframe.py:31: UserWarning: Could not infer format, so each element will be parsed individually, falling back to `dateutil`. To ensure parsing is consistent and as-expected, please specify a format.
  df[col] = pd.to_datetime(df[col])
/home/brianna/apps/ubiqcore_test/util/functions/filter_dataframe.py:31: UserWarning: Could not infer format, so each element will be parsed individually, falling back to `dateutil`. To ensure parsing is consistent and as-expected, please specify a format.
  df[col] = pd.to_datetime(df[col])
/home/brianna/apps/ubiqcore_test/util/functions/filter_dataframe.py:31: UserWarning: Could not infer format, so each element will be parsed individually, falling back to `dateutil`. To ensure parsing is consistent and as-expected, please specify a format.
  df[col] = pd.to_datetime(df[col])
/home/brianna/apps/ubiqcore_test/util/functions/filter_dataframe.py:31: UserWarning: Could not infer format, so each element will be parsed individually, falling back to `dateutil`. To ensure parsing is consistent and as-expected, please specify a format.
  df[col] = pd.to_datetime(df[col])
/home/brianna/apps/ubiqcore_test/util/functions/filter_dataframe.py:31: UserWarning: Could not infer format, so each element will be parsed individually, falling back to `dateutil`. To ensure parsing is consistent and as-expected, please specify a format.
  df[col] = pd.to_datetime(df[col])
/home/brianna/apps/ubiqcore_test/util/functions/filter_dataframe.py:31: UserWarning: Could not infer format, so each element will be parsed individually, falling back to `dateutil`. To ensure parsing is consistent and as-expected, please specify a format.
  df[col] = pd.to_datetime(df[col])
/home/brianna/apps/ubiqcore_test/util/functions/filter_dataframe.py:31: UserWarning: Could not infer format, so each element will be parsed individually, falling back to `dateutil`. To ensure parsing is consistent and as-expected, please specify a format.
  df[col] = pd.to_datetime(df[col])
/home/brianna/apps/ubiqcore_test/util/functions/filter_dataframe.py:31: UserWarning: Could not infer format, so each element will be parsed individually, falling back to `dateutil`. To ensure parsing is consistent and as-expected, please specify a format.
  df[col] = pd.to_datetime(df[col])
/home/brianna/apps/ubiqcore_test/util/functions/filter_dataframe.py:31: UserWarning: Could not infer format, so each element will be parsed individually, falling back to `dateutil`. To ensure parsing is consistent and as-expected, please specify a format.
  df[col] = pd.to_datetime(df[col])
/home/brianna/apps/ubiqcore_test/util/functions/filter_dataframe.py:31: UserWarning: Could not infer format, so each element will be parsed individually, falling back to `dateutil`. To ensure parsing is consistent and as-expected, please specify a format.
  df[col] = pd.to_datetime(df[col])
/home/brianna/apps/ubiqcore_test/util/functions/filter_dataframe.py:31: UserWarning: Could not infer format, so each element will be parsed individually, falling back to `dateutil`. To ensure parsing is consistent and as-expected, please specify a format.
  df[col] = pd.to_datetime(df[col])
/home/brianna/apps/ubiqcore_test/util/functions/filter_dataframe.py:31: UserWarning: Could not infer format, so each element will be parsed individually, falling back to `dateutil`. To ensure parsing is consistent and as-expected, please specify a format.
  df[col] = pd.to_datetime(df[col])
/home/brianna/apps/ubiqcore_test/util/functions/filter_dataframe.py:31: UserWarning: Could not infer format, so each element will be parsed individually, falling back to `dateutil`. To ensure parsing is consistent and as-expected, please specify a format.
  df[col] = pd.to_datetime(df[col])
2026-06-03 11:22:17.165 Please replace `use_container_width` with `width`.

`use_container_width` will be removed after 2025-12-31.

For `use_container_width=True`, use `width='stretch'`. For `use_container_width=False`, use `width='content'`.
/home/brianna/apps/ubiqcore_test/util/functions/filter_dataframe.py:31: UserWarning: Could not infer format, so each element will be parsed individually, falling back to `dateutil`. To ensure parsing is consistent and as-expected, please specify a format.
  df[col] = pd.to_datetime(df[col])
/home/brianna/apps/ubiqcore_test/util/functions/filter_dataframe.py:31: UserWarning: Could not infer format, so each element will be parsed individually, falling back to `dateutil`. To ensure parsing is consistent and as-expected, please specify a format.
  df[col] = pd.to_datetime(df[col])
/home/brianna/apps/ubiqcore_test/util/functions/filter_dataframe.py:31: UserWarning: Could not infer format, so each element will be parsed individually, falling back to `dateutil`. To ensure parsing is consistent and as-expected, please specify a format.
  df[col] = pd.to_datetime(df[col])
/home/brianna/apps/ubiqcore_test/util/functions/filter_dataframe.py:31: UserWarning: Could not infer format, so each element will be parsed individually, falling back to `dateutil`. To ensure parsing is consistent and as-expected, please specify a format.
  df[col] = pd.to_datetime(df[col])
/home/brianna/apps/ubiqcore_test/util/functions/filter_dataframe.py:31: UserWarning: Could not infer format, so each element will be parsed individually, falling back to `dateutil`. To ensure parsing is consistent and as-expected, please specify a format.
  df[col] = pd.to_datetime(df[col])
/home/brianna/apps/ubiqcore_test/util/functions/filter_dataframe.py:31: UserWarning: Could not infer format, so each element will be parsed individually, falling back to `dateutil`. To ensure parsing is consistent and as-expected, please specify a format.
  df[col] = pd.to_datetime(df[col])
/home/brianna/apps/ubiqcore_test/util/functions/filter_dataframe.py:31: UserWarning: Could not infer format, so each element will be parsed individually, falling back to `dateutil`. To ensure parsing is consistent and as-expected, please specify a format.
  df[col] = pd.to_datetime(df[col])
/home/brianna/apps/ubiqcore_test/util/functions/filter_dataframe.py:31: UserWarning: Could not infer format, so each element will be parsed individually, falling back to `dateutil`. To ensure parsing is consistent and as-expected, please specify a format.
  df[col] = pd.to_datetime(df[col])
/home/brianna/apps/ubiqcore_test/util/functions/filter_dataframe.py:31: UserWarning: Could not infer format, so each element will be parsed individually, falling back to `dateutil`. To ensure parsing is consistent and as-expected, please specify a format.
  df[col] = pd.to_datetime(df[col])
/home/brianna/apps/ubiqcore_test/util/functions/filter_dataframe.py:31: UserWarning: Could not infer format, so each element will be parsed individually, falling back to `dateutil`. To ensure parsing is consistent and as-expected, please specify a format.
  df[col] = pd.to_datetime(df[col])
/home/brianna/apps/ubiqcore_test/util/functions/filter_dataframe.py:31: UserWarning: Could not infer format, so each element will be parsed individually, falling back to `dateutil`. To ensure parsing is consistent and as-expected, please specify a format.
  df[col] = pd.to_datetime(df[col])
/home/brianna/apps/ubiqcore_test/util/functions/filter_dataframe.py:31: UserWarning: Could not infer format, so each element will be parsed individually, falling back to `dateutil`. To ensure parsing is consistent and as-expected, please specify a format.
  df[col] = pd.to_datetime(df[col])
/home/brianna/apps/ubiqcore_test/util/functions/filter_dataframe.py:31: UserWarning: Could not infer format, so each element will be parsed individually, falling back to `dateutil`. To ensure parsing is consistent and as-expected, please specify a format.
  df[col] = pd.to_datetime(df[col])
/home/brianna/apps/ubiqcore_test/util/functions/filter_dataframe.py:31: UserWarning: Could not infer format, so each element will be parsed individually, falling back to `dateutil`. To ensure parsing is consistent and as-expected, please specify a format.
  df[col] = pd.to_datetime(df[col])
/home/brianna/apps/ubiqcore_test/util/functions/filter_dataframe.py:31: UserWarning: Could not infer format, so each element will be parsed individually, falling back to `dateutil`. To ensure parsing is consistent and as-expected, please specify a format.
  df[col] = pd.to_datetime(df[col])
/home/brianna/apps/ubiqcore_test/util/functions/filter_dataframe.py:31: UserWarning: Could not infer format, so each element will be parsed individually, falling back to `dateutil`. To ensure parsing is consistent and as-expected, please specify a format.
  df[col] = pd.to_datetime(df[col])
/home/brianna/apps/ubiqcore_test/util/functions/filter_dataframe.py:31: UserWarning: Could not infer format, so each element will be parsed individually, falling back to `dateutil`. To ensure parsing is consistent and as-expected, please specify a format.
  df[col] = pd.to_datetime(df[col])
/home/brianna/apps/ubiqcore_test/util/functions/filter_dataframe.py:31: UserWarning: Could not infer format, so each element will be parsed individually, falling back to `dateutil`. To ensure parsing is consistent and as-expected, please specify a format.
  df[col] = pd.to_datetime(df[col])
/home/brianna/apps/ubiqcore_test/util/functions/filter_dataframe.py:31: UserWarning: Could not infer format, so each element will be parsed individually, falling back to `dateutil`. To ensure parsing is consistent and as-expected, please specify a format.
  df[col] = pd.to_datetime(df[col])
/home/brianna/apps/ubiqcore_test/util/functions/filter_dataframe.py:31: UserWarning: Could not infer format, so each element will be parsed individually, falling back to `dateutil`. To ensure parsing is consistent and as-expected, please specify a format.
  df[col] = pd.to_datetime(df[col])
/home/brianna/apps/ubiqcore_test/util/functions/filter_dataframe.py:31: UserWarning: Could not infer format, so each element will be parsed individually, falling back to `dateutil`. To ensure parsing is consistent and as-expected, please specify a format.
  df[col] = pd.to_datetime(df[col])
/home/brianna/apps/ubiqcore_test/util/functions/filter_dataframe.py:31: UserWarning: Could not infer format, so each element will be parsed individually, falling back to `dateutil`. To ensure parsing is consistent and as-expected, please specify a format.
  df[col] = pd.to_datetime(df[col])
/home/brianna/apps/ubiqcore_test/util/functions/filter_dataframe.py:31: UserWarning: Could not infer format, so each element will be parsed individually, falling back to `dateutil`. To ensure parsing is consistent and as-expected, please specify a format.
  df[col] = pd.to_datetime(df[col])
/home/brianna/apps/ubiqcore_test/util/functions/filter_dataframe.py:31: UserWarning: Could not infer format, so each element will be parsed individually, falling back to `dateutil`. To ensure parsing is consistent and as-expected, please specify a format.
  df[col] = pd.to_datetime(df[col])
/home/brianna/apps/ubiqcore_test/util/functions/filter_dataframe.py:31: UserWarning: Could not infer format, so each element will be parsed individually, falling back to `dateutil`. To ensure parsing is consistent and as-expected, please specify a format.
  df[col] = pd.to_datetime(df[col])
/home/brianna/apps/ubiqcore_test/util/functions/filter_dataframe.py:31: UserWarning: Could not infer format, so each element will be parsed individually, falling back to `dateutil`. To ensure parsing is consistent and as-expected, please specify a format.
  df[col] = pd.to_datetime(df[col])
/home/brianna/apps/ubiqcore_test/util/functions/filter_dataframe.py:31: UserWarning: Could not infer format, so each element will be parsed individually, falling back to `dateutil`. To ensure parsing is consistent and as-expected, please specify a format.
  df[col] = pd.to_datetime(df[col])
/home/brianna/apps/ubiqcore_test/util/functions/filter_dataframe.py:31: UserWarning: Could not infer format, so each element will be parsed individually, falling back to `dateutil`. To ensure parsing is consistent and as-expected, please specify a format.
  df[col] = pd.to_datetime(df[col])
/home/brianna/apps/ubiqcore_test/util/functions/filter_dataframe.py:31: UserWarning: Could not infer format, so each element will be parsed individually, falling back to `dateutil`. To ensure parsing is consistent and as-expected, please specify a format.
  df[col] = pd.to_datetime(df[col])
/home/brianna/apps/ubiqcore_test/util/functions/filter_dataframe.py:31: UserWarning: Could not infer format, so each element will be parsed individually, falling back to `dateutil`. To ensure parsing is consistent and as-expected, please specify a format.
  df[col] = pd.to_datetime(df[col])
/home/brianna/apps/ubiqcore_test/util/functions/filter_dataframe.py:31: UserWarning: Could not infer format, so each element will be parsed individually, falling back to `dateutil`. To ensure parsing is consistent and as-expected, please specify a format.
  df[col] = pd.to_datetime(df[col])
/home/brianna/apps/ubiqcore_test/util/functions/filter_dataframe.py:31: UserWarning: Could not infer format, so each element will be parsed individually, falling back to `dateutil`. To ensure parsing is consistent and as-expected, please specify a format.
  df[col] = pd.to_datetime(df[col])
/home/brianna/apps/ubiqcore_test/util/functions/filter_dataframe.py:31: UserWarning: Could not infer format, so each element will be parsed individually, falling back to `dateutil`. To ensure parsing is consistent and as-expected, please specify a format.
  df[col] = pd.to_datetime(df[col])
/home/brianna/apps/ubiqcore_test/util/functions/filter_dataframe.py:31: UserWarning: Could not infer format, so each element will be parsed individually, falling back to `dateutil`. To ensure parsing is consistent and as-expected, please specify a format.
  df[col] = pd.to_datetime(df[col])
/home/brianna/apps/ubiqcore_test/util/functions/filter_dataframe.py:31: UserWarning: Could not infer format, so each element will be parsed individually, falling back to `dateutil`. To ensure parsing is consistent and as-expected, please specify a format.
  df[col] = pd.to_datetime(df[col])
/home/brianna/apps/ubiqcore_test/util/functions/filter_dataframe.py:31: UserWarning: Could not infer format, so each element will be parsed individually, falling back to `dateutil`. To ensure parsing is consistent and as-expected, please specify a format.
  df[col] = pd.to_datetime(df[col])
/home/brianna/apps/ubiqcore_test/util/functions/filter_dataframe.py:31: UserWarning: Could not infer format, so each element will be parsed individually, falling back to `dateutil`. To ensure parsing is consistent and as-expected, please specify a format.
  df[col] = pd.to_datetime(df[col])
/home/brianna/apps/ubiqcore_test/util/functions/filter_dataframe.py:31: UserWarning: Could not infer format, so each element will be parsed individually, falling back to `dateutil`. To ensure parsing is consistent and as-expected, please specify a format.
  df[col] = pd.to_datetime(df[col])
/home/brianna/apps/ubiqcore_test/util/functions/filter_dataframe.py:31: UserWarning: Could not infer format, so each element will be parsed individually, falling back to `dateutil`. To ensure parsing is consistent and as-expected, please specify a format.
  df[col] = pd.to_datetime(df[col])
/home/brianna/apps/ubiqcore_test/util/functions/filter_dataframe.py:31: UserWarning: Could not infer format, so each element will be parsed individually, falling back to `dateutil`. To ensure parsing is consistent and as-expected, please specify a format.
  df[col] = pd.to_datetime(df[col])
/home/brianna/apps/ubiqcore_test/util/functions/filter_dataframe.py:31: UserWarning: Could not infer format, so each element will be parsed individually, falling back to `dateutil`. To ensure parsing is consistent and as-expected, please specify a format.
  df[col] = pd.to_datetime(df[col])
/home/brianna/apps/ubiqcore_test/util/functions/filter_dataframe.py:31: UserWarning: Could not infer format, so each element will be parsed individually, falling back to `dateutil`. To ensure parsing is consistent and as-expected, please specify a format.
  df[col] = pd.to_datetime(df[col])
/home/brianna/apps/ubiqcore_test/util/functions/filter_dataframe.py:31: UserWarning: Could not infer format, so each element will be parsed individually, falling back to `dateutil`. To ensure parsing is consistent and as-expected, please specify a format.
  df[col] = pd.to_datetime(df[col])
/home/brianna/apps/ubiqcore_test/util/functions/filter_dataframe.py:31: UserWarning: Could not infer format, so each element will be parsed individually, falling back to `dateutil`. To ensure parsing is consistent and as-expected, please specify a format.
  df[col] = pd.to_datetime(df[col])
/home/brianna/apps/ubiqcore_test/util/functions/filter_dataframe.py:31: UserWarning: Could not infer format, so each element will be parsed individually, falling back to `dateutil`. To ensure parsing is consistent and as-expected, please specify a format.
  df[col] = pd.to_datetime(df[col])
/home/brianna/apps/ubiqcore_test/util/functions/filter_dataframe.py:31: UserWarning: Could not infer format, so each element will be parsed individually, falling back to `dateutil`. To ensure parsing is consistent and as-expected, please specify a format.
  df[col] = pd.to_datetime(df[col])
/home/brianna/apps/ubiqcore_test/util/functions/filter_dataframe.py:31: UserWarning: Could not infer format, so each element will be parsed individually, falling back to `dateutil`. To ensure parsing is consistent and as-expected, please specify a format.
  df[col] = pd.to_datetime(df[col])
/home/brianna/apps/ubiqcore_test/util/functions/filter_dataframe.py:31: UserWarning: Could not infer format, so each element will be parsed individually, falling back to `dateutil`. To ensure parsing is consistent and as-expected, please specify a format.
  df[col] = pd.to_datetime(df[col])
/home/brianna/apps/ubiqcore_test/util/functions/filter_dataframe.py:31: UserWarning: Could not infer format, so each element will be parsed individually, falling back to `dateutil`. To ensure parsing is consistent and as-expected, please specify a format.
  df[col] = pd.to_datetime(df[col])
/home/brianna/apps/ubiqcore_test/util/functions/filter_dataframe.py:31: UserWarning: Could not infer format, so each element will be parsed individually, falling back to `dateutil`. To ensure parsing is consistent and as-expected, please specify a format.
  df[col] = pd.to_datetime(df[col])
/home/brianna/apps/ubiqcore_test/util/functions/filter_dataframe.py:31: UserWarning: Could not infer format, so each element will be parsed individually, falling back to `dateutil`. To ensure parsing is consistent and as-expected, please specify a format.
  df[col] = pd.to_datetime(df[col])
/home/brianna/apps/ubiqcore_test/util/functions/filter_dataframe.py:31: UserWarning: Could not infer format, so each element will be parsed individually, falling back to `dateutil`. To ensure parsing is consistent and as-expected, please specify a format.
  df[col] = pd.to_datetime(df[col])
/home/brianna/apps/ubiqcore_test/util/functions/filter_dataframe.py:31: UserWarning: Could not infer format, so each element will be parsed individually, falling back to `dateutil`. To ensure parsing is consistent and as-expected, please specify a format.
  df[col] = pd.to_datetime(df[col])
/home/brianna/apps/ubiqcore_test/util/functions/filter_dataframe.py:31: UserWarning: Could not infer format, so each element will be parsed individually, falling back to `dateutil`. To ensure parsing is consistent and as-expected, please specify a format.
  df[col] = pd.to_datetime(df[col])
/home/brianna/apps/ubiqcore_test/util/functions/filter_dataframe.py:31: UserWarning: Could not infer format, so each element will be parsed individually, falling back to `dateutil`. To ensure parsing is consistent and as-expected, please specify a format.
  df[col] = pd.to_datetime(df[col])
/home/brianna/apps/ubiqcore_test/util/functions/filter_dataframe.py:31: UserWarning: Could not infer format, so each element will be parsed individually, falling back to `dateutil`. To ensure parsing is consistent and as-expected, please specify a format.
  df[col] = pd.to_datetime(df[col])
/home/brianna/apps/ubiqcore_test/util/functions/filter_dataframe.py:31: UserWarning: Could not infer format, so each element will be parsed individually, falling back to `dateutil`. To ensure parsing is consistent and as-expected, please specify a format.
  df[col] = pd.to_datetime(df[col])
/home/brianna/apps/ubiqcore_test/util/functions/filter_dataframe.py:31: UserWarning: Could not infer format, so each element will be parsed individually, falling back to `dateutil`. To ensure parsing is consistent and as-expected, please specify a format.
  df[col] = pd.to_datetime(df[col])
/home/brianna/apps/ubiqcore_test/util/functions/filter_dataframe.py:31: UserWarning: Could not infer format, so each element will be parsed individually, falling back to `dateutil`. To ensure parsing is consistent and as-expected, please specify a format.
  df[col] = pd.to_datetime(df[col])
/home/brianna/apps/ubiqcore_test/util/functions/filter_dataframe.py:31: UserWarning: Could not infer format, so each element will be parsed individually, falling back to `dateutil`. To ensure parsing is consistent and as-expected, please specify a format.
  df[col] = pd.to_datetime(df[col])
/home/brianna/apps/ubiqcore_test/util/functions/filter_dataframe.py:31: UserWarning: Could not infer format, so each element will be parsed individually, falling back to `dateutil`. To ensure parsing is consistent and as-expected, please specify a format.
  df[col] = pd.to_datetime(df[col])
/home/brianna/apps/ubiqcore_test/util/functions/filter_dataframe.py:31: UserWarning: Could not infer format, so each element will be parsed individually, falling back to `dateutil`. To ensure parsing is consistent and as-expected, please specify a format.
  df[col] = pd.to_datetime(df[col])
/home/brianna/apps/ubiqcore_test/util/functions/filter_dataframe.py:31: UserWarning: Could not infer format, so each element will be parsed individually, falling back to `dateutil`. To ensure parsing is consistent and as-expected, please specify a format.
  df[col] = pd.to_datetime(df[col])
/home/brianna/apps/ubiqcore_test/util/functions/filter_dataframe.py:31: UserWarning: Could not infer format, so each element will be parsed individually, falling back to `dateutil`. To ensure parsing is consistent and as-expected, please specify a format.
  df[col] = pd.to_datetime(df[col])
/home/brianna/apps/ubiqcore_test/util/functions/filter_dataframe.py:31: UserWarning: Could not infer format, so each element will be parsed individually, falling back to `dateutil`. To ensure parsing is consistent and as-expected, please specify a format.
  df[col] = pd.to_datetime(df[col])
/home/brianna/apps/ubiqcore_test/util/functions/filter_dataframe.py:31: UserWarning: Could not infer format, so each element will be parsed individually, falling back to `dateutil`. To ensure parsing is consistent and as-expected, please specify a format.
  df[col] = pd.to_datetime(df[col])
/home/brianna/apps/ubiqcore_test/util/functions/filter_dataframe.py:31: UserWarning: Could not infer format, so each element will be parsed individually, falling back to `dateutil`. To ensure parsing is consistent and as-expected, please specify a format.
  df[col] = pd.to_datetime(df[col])
/home/brianna/apps/ubiqcore_test/util/functions/filter_dataframe.py:31: UserWarning: Could not infer format, so each element will be parsed individually, falling back to `dateutil`. To ensure parsing is consistent and as-expected, please specify a format.
  df[col] = pd.to_datetime(df[col])
/home/brianna/apps/ubiqcore_test/util/functions/filter_dataframe.py:31: UserWarning: Could not infer format, so each element will be parsed individually, falling back to `dateutil`. To ensure parsing is consistent and as-expected, please specify a format.
  df[col] = pd.to_datetime(df[col])
/home/brianna/apps/ubiqcore_test/util/functions/filter_dataframe.py:31: UserWarning: Could not infer format, so each element will be parsed individually, falling back to `dateutil`. To ensure parsing is consistent and as-expected, please specify a format.
  df[col] = pd.to_datetime(df[col])
/home/brianna/apps/ubiqcore_test/util/functions/filter_dataframe.py:31: UserWarning: Could not infer format, so each element will be parsed individually, falling back to `dateutil`. To ensure parsing is consistent and as-expected, please specify a format.
  df[col] = pd.to_datetime(df[col])
/home/brianna/apps/ubiqcore_test/util/functions/filter_dataframe.py:31: UserWarning: Could not infer format, so each element will be parsed individually, falling back to `dateutil`. To ensure parsing is consistent and as-expected, please specify a format.
  df[col] = pd.to_datetime(df[col])
/home/brianna/apps/ubiqcore_test/util/functions/filter_dataframe.py:31: UserWarning: Could not infer format, so each element will be parsed individually, falling back to `dateutil`. To ensure parsing is consistent and as-expected, please specify a format.
  df[col] = pd.to_datetime(df[col])
/home/brianna/apps/ubiqcore_test/util/functions/filter_dataframe.py:31: UserWarning: Could not infer format, so each element will be parsed individually, falling back to `dateutil`. To ensure parsing is consistent and as-expected, please specify a format.
  df[col] = pd.to_datetime(df[col])
/home/brianna/apps/ubiqcore_test/util/functions/filter_dataframe.py:31: UserWarning: Could not infer format, so each element will be parsed individually, falling back to `dateutil`. To ensure parsing is consistent and as-expected, please specify a format.
  df[col] = pd.to_datetime(df[col])
/home/brianna/apps/ubiqcore_test/util/functions/filter_dataframe.py:31: UserWarning: Could not infer format, so each element will be parsed individually, falling back to `dateutil`. To ensure parsing is consistent and as-expected, please specify a format.
  df[col] = pd.to_datetime(df[col])
/home/brianna/apps/ubiqcore_test/util/functions/filter_dataframe.py:31: UserWarning: Could not infer format, so each element will be parsed individually, falling back to `dateutil`. To ensure parsing is consistent and as-expected, please specify a format.
  df[col] = pd.to_datetime(df[col])
/home/brianna/apps/ubiqcore_test/util/functions/filter_dataframe.py:31: UserWarning: Could not infer format, so each element will be parsed individually, falling back to `dateutil`. To ensure parsing is consistent and as-expected, please specify a format.
  df[col] = pd.to_datetime(df[col])
/home/brianna/apps/ubiqcore_test/util/functions/filter_dataframe.py:31: UserWarning: Could not infer format, so each element will be parsed individually, falling back to `dateutil`. To ensure parsing is consistent and as-expected, please specify a format.
  df[col] = pd.to_datetime(df[col])
/home/brianna/apps/ubiqcore_test/util/functions/filter_dataframe.py:31: UserWarning: Could not infer format, so each element will be parsed individually, falling back to `dateutil`. To ensure parsing is consistent and as-expected, please specify a format.
  df[col] = pd.to_datetime(df[col])
/home/brianna/apps/ubiqcore_test/util/functions/filter_dataframe.py:31: UserWarning: Could not infer format, so each element will be parsed individually, falling back to `dateutil`. To ensure parsing is consistent and as-expected, please specify a format.
  df[col] = pd.to_datetime(df[col])
/home/brianna/apps/ubiqcore_test/util/functions/filter_dataframe.py:31: UserWarning: Could not infer format, so each element will be parsed individually, falling back to `dateutil`. To ensure parsing is consistent and as-expected, please specify a format.
  df[col] = pd.to_datetime(df[col])
/home/brianna/apps/ubiqcore_test/util/functions/filter_dataframe.py:31: UserWarning: Could not infer format, so each element will be parsed individually, falling back to `dateutil`. To ensure parsing is consistent and as-expected, please specify a format.
  df[col] = pd.to_datetime(df[col])
/home/brianna/apps/ubiqcore_test/util/functions/filter_dataframe.py:31: UserWarning: Could not infer format, so each element will be parsed individually, falling back to `dateutil`. To ensure parsing is consistent and as-expected, please specify a format.
  df[col] = pd.to_datetime(df[col])
  Stopping...
