2026-05-11 06:42:16,797 - INFO - Logging to /home/runner/work/UbiqCore/UbiqCore/util/data/pdb_updates/pdb_update_20260511_064216.log
2026-05-11 06:42:16,798 - INFO - Read 37 E2 IDs and 369 E3 IDs
2026-05-11 06:42:16,798 - INFO - Total unique UniProt IDs: 406
2026-05-11 06:42:16,798 - INFO - Starting UniProt→PDB mapping via UniProt service...
2026-05-11 06:42:16,799 - INFO - UniProt mapping batch 1: 50 IDs
2026-05-11 06:42:20,799 - INFO - UniProt mapping batch 2: 50 IDs
2026-05-11 06:42:24,602 - INFO - UniProt mapping batch 3: 50 IDs
2026-05-11 06:42:28,317 - INFO - UniProt mapping batch 4: 50 IDs
2026-05-11 06:42:31,954 - INFO - UniProt mapping batch 5: 50 IDs
2026-05-11 06:42:35,580 - INFO - UniProt mapping batch 6: 50 IDs
2026-05-11 06:42:39,185 - INFO - UniProt mapping batch 7: 50 IDs
2026-05-11 06:42:42,772 - INFO - UniProt mapping batch 8: 50 IDs
2026-05-11 06:42:46,562 - INFO - UniProt mapping batch 9: 6 IDs
2026-05-11 06:42:50,197 - INFO - Starting UniProt→PDB mapping via RCSB full-text search...
2026-05-11 06:42:50,197 - INFO - RCSB full-text mapping 1/406: A0A1B0GUS4
2026-05-11 06:42:50,377 - INFO - RCSB full-text mapping 2/406: A0AVI4
2026-05-11 06:42:50,417 - INFO - RCSB full-text mapping 3/406: A1L020
2026-05-11 06:42:50,457 - INFO - RCSB full-text mapping 4/406: A1L167
2026-05-11 06:42:50,498 - INFO - RCSB full-text mapping 5/406: A6NCK2
2026-05-11 06:42:50,539 - INFO - RCSB full-text mapping 6/406: A6NCQ9
2026-05-11 06:42:50,579 - INFO - RCSB full-text mapping 7/406: A6NDI0
2026-05-11 06:42:50,619 - INFO - RCSB full-text mapping 8/406: A6NGJ6
2026-05-11 06:42:50,659 - INFO - RCSB full-text mapping 9/406: A6NI03
2026-05-11 06:42:50,700 - INFO - RCSB full-text mapping 10/406: A6NK02
2026-05-11 06:42:50,739 - INFO - RCSB full-text mapping 11/406: A6NLI5
2026-05-11 06:42:50,778 - INFO - RCSB full-text mapping 12/406: A6NLU0
2026-05-11 06:42:51,821 - INFO - RCSB full-text mapping 13/406: A6NNE9
2026-05-11 06:42:51,862 - INFO - RCSB full-text mapping 14/406: A8MQ27
2026-05-11 06:42:51,902 - INFO - RCSB full-text mapping 15/406: A8MTL3
2026-05-11 06:42:51,941 - INFO - RCSB full-text mapping 16/406: C9J1S8
2026-05-11 06:42:51,982 - INFO - RCSB full-text mapping 17/406: E7ERA6
2026-05-11 06:42:52,022 - INFO - RCSB full-text mapping 18/406: F8VTS6
2026-05-11 06:42:52,062 - INFO - RCSB full-text mapping 19/406: I1YAP6
2026-05-11 06:42:52,103 - INFO - RCSB full-text mapping 20/406: M0QZC1
2026-05-11 06:42:52,142 - INFO - RCSB full-text mapping 21/406: O00237
2026-05-11 06:42:52,183 - INFO - RCSB full-text mapping 22/406: O00308
2026-05-11 06:42:53,225 - INFO - RCSB full-text mapping 23/406: O00463
2026-05-11 06:42:54,266 - INFO - RCSB full-text mapping 24/406: O00623
2026-05-11 06:42:54,307 - INFO - RCSB full-text mapping 25/406: O00635
2026-05-11 06:42:54,348 - INFO - RCSB full-text mapping 26/406: O00762
2026-05-11 06:42:55,389 - INFO - RCSB full-text mapping 27/406: O14686
2026-05-11 06:42:56,431 - INFO - RCSB full-text mapping 28/406: O14933
2026-05-11 06:42:57,477 - INFO - RCSB full-text mapping 29/406: O15033
2026-05-11 06:42:58,521 - INFO - RCSB full-text mapping 30/406: O15151
2026-05-11 06:42:59,563 - INFO - RCSB full-text mapping 31/406: O15164
2026-05-11 06:43:00,606 - INFO - RCSB full-text mapping 32/406: O15344
2026-05-11 06:43:01,649 - INFO - RCSB full-text mapping 33/406: O15541
2026-05-11 06:43:02,692 - INFO - RCSB full-text mapping 34/406: O43164
2026-05-11 06:43:02,732 - INFO - RCSB full-text mapping 35/406: O43255
2026-05-11 06:43:03,776 - INFO - RCSB full-text mapping 36/406: O43567
2026-05-11 06:43:04,820 - INFO - RCSB full-text mapping 37/406: O60260
2026-05-11 06:43:05,863 - INFO - RCSB full-text mapping 38/406: O60291
2026-05-11 06:43:05,903 - INFO - RCSB full-text mapping 39/406: O60337
2026-05-11 06:43:05,944 - INFO - RCSB full-text mapping 40/406: O60683
2026-05-11 06:43:05,983 - INFO - RCSB full-text mapping 41/406: O60858
2026-05-11 06:43:06,023 - INFO - RCSB full-text mapping 42/406: O75150
2026-05-11 06:43:07,064 - INFO - RCSB full-text mapping 43/406: O75382
2026-05-11 06:43:08,108 - INFO - RCSB full-text mapping 44/406: O75592
2026-05-11 06:43:09,161 - INFO - RCSB full-text mapping 45/406: O75677
2026-05-11 06:43:09,202 - INFO - RCSB full-text mapping 46/406: O75678
2026-05-11 06:43:09,242 - INFO - RCSB full-text mapping 47/406: O75679
2026-05-11 06:43:09,282 - INFO - RCSB full-text mapping 48/406: O75928
2026-05-11 06:43:10,325 - INFO - RCSB full-text mapping 49/406: O76050
2026-05-11 06:43:10,366 - INFO - RCSB full-text mapping 50/406: O76064
2026-05-11 06:43:11,409 - INFO - RCSB full-text mapping 51/406: O94822
2026-05-11 06:43:12,453 - INFO - RCSB full-text mapping 52/406: O94941
2026-05-11 06:43:12,494 - INFO - RCSB full-text mapping 53/406: O94972
2026-05-11 06:43:13,537 - INFO - RCSB full-text mapping 54/406: O95071
2026-05-11 06:43:14,579 - INFO - RCSB full-text mapping 55/406: O95155
2026-05-11 06:43:15,622 - INFO - RCSB full-text mapping 56/406: O95159
2026-05-11 06:43:15,665 - INFO - RCSB full-text mapping 57/406: O95376
2026-05-11 06:43:16,706 - INFO - RCSB full-text mapping 58/406: O95628
2026-05-11 06:43:17,749 - INFO - RCSB full-text mapping 59/406: O95714
2026-05-11 06:43:18,792 - INFO - RCSB full-text mapping 60/406: P0CI25
2026-05-11 06:43:18,833 - INFO - RCSB full-text mapping 61/406: P0CI26
2026-05-11 06:43:18,873 - INFO - RCSB full-text mapping 62/406: P0DH78
2026-05-11 06:43:18,913 - INFO - RCSB full-text mapping 63/406: P0DTL6
2026-05-11 06:43:18,952 - INFO - RCSB full-text mapping 64/406: P14373
2026-05-11 06:43:18,993 - INFO - RCSB full-text mapping 65/406: P15918
2026-05-11 06:43:19,033 - INFO - RCSB full-text mapping 66/406: P19474
2026-05-11 06:43:20,075 - INFO - RCSB full-text mapping 67/406: P22681
2026-05-11 06:43:21,119 - INFO - RCSB full-text mapping 68/406: P28328
2026-05-11 06:43:21,162 - INFO - RCSB full-text mapping 69/406: P29590
2026-05-11 06:43:22,203 - INFO - RCSB full-text mapping 70/406: P35226
2026-05-11 06:43:23,246 - INFO - RCSB full-text mapping 71/406: P35227
2026-05-11 06:43:23,288 - INFO - RCSB full-text mapping 72/406: P36406
2026-05-11 06:43:24,332 - INFO - RCSB full-text mapping 73/406: P38398
2026-05-11 06:43:25,373 - INFO - RCSB full-text mapping 74/406: P46934
2026-05-11 06:43:26,416 - INFO - RCSB full-text mapping 75/406: P49427
2026-05-11 06:43:27,459 - INFO - RCSB full-text mapping 76/406: P49459
2026-05-11 06:43:28,503 - INFO - RCSB full-text mapping 77/406: P49754
2026-05-11 06:43:28,543 - INFO - RCSB full-text mapping 78/406: P50876
2026-05-11 06:43:29,584 - INFO - RCSB full-text mapping 79/406: P51668
2026-05-11 06:43:30,628 - INFO - RCSB full-text mapping 80/406: P51948
2026-05-11 06:43:31,671 - INFO - RCSB full-text mapping 81/406: P51965
2026-05-11 06:43:32,713 - INFO - RCSB full-text mapping 82/406: P53804
2026-05-11 06:43:32,755 - INFO - RCSB full-text mapping 83/406: P60604
2026-05-11 06:43:33,796 - INFO - RCSB full-text mapping 84/406: P61077
2026-05-11 06:43:34,840 - INFO - RCSB full-text mapping 85/406: P61081
2026-05-11 06:43:35,885 - INFO - RCSB full-text mapping 86/406: P61086
2026-05-11 06:43:36,928 - INFO - RCSB full-text mapping 87/406: P61088
2026-05-11 06:43:37,971 - INFO - RCSB full-text mapping 88/406: P62253
2026-05-11 06:43:39,016 - INFO - RCSB full-text mapping 89/406: P62256
2026-05-11 06:43:40,058 - INFO - RCSB full-text mapping 90/406: P62837
2026-05-11 06:43:41,104 - INFO - RCSB full-text mapping 91/406: P62877
2026-05-11 06:43:42,150 - INFO - RCSB full-text mapping 92/406: P63146
2026-05-11 06:43:43,193 - INFO - RCSB full-text mapping 93/406: P63279
2026-05-11 06:43:44,237 - INFO - RCSB full-text mapping 94/406: P68036
2026-05-11 06:43:45,280 - INFO - RCSB full-text mapping 95/406: P78317
2026-05-11 06:43:46,323 - INFO - RCSB full-text mapping 96/406: P98170
2026-05-11 06:43:47,367 - INFO - RCSB full-text mapping 97/406: Q00987
2026-05-11 06:43:48,409 - INFO - RCSB full-text mapping 98/406: Q05086
2026-05-11 06:43:49,451 - INFO - RCSB full-text mapping 99/406: Q06587
2026-05-11 06:43:49,491 - INFO - RCSB full-text mapping 100/406: Q09472
2026-05-11 06:43:50,554 - INFO - RCSB full-text mapping 101/406: Q12899
2026-05-11 06:43:50,594 - INFO - RCSB full-text mapping 102/406: Q12933
2026-05-11 06:43:51,636 - INFO - RCSB full-text mapping 103/406: Q12986
2026-05-11 06:43:51,677 - INFO - RCSB full-text mapping 104/406: Q13049
2026-05-11 06:43:52,721 - INFO - RCSB full-text mapping 105/406: Q13064
2026-05-11 06:43:53,764 - INFO - RCSB full-text mapping 106/406: Q13114
2026-05-11 06:43:54,807 - INFO - RCSB full-text mapping 107/406: Q13191
2026-05-11 06:43:55,850 - INFO - RCSB full-text mapping 108/406: Q13233
2026-05-11 06:43:56,894 - INFO - RCSB full-text mapping 109/406: Q13263
2026-05-11 06:43:57,936 - INFO - RCSB full-text mapping 110/406: Q13356
2026-05-11 06:43:58,979 - INFO - RCSB full-text mapping 111/406: Q13404
2026-05-11 06:44:00,024 - INFO - RCSB full-text mapping 112/406: Q13434
2026-05-11 06:44:00,065 - INFO - RCSB full-text mapping 113/406: Q13489
2026-05-11 06:44:01,109 - INFO - RCSB full-text mapping 114/406: Q13490
2026-05-11 06:44:02,151 - INFO - RCSB full-text mapping 115/406: Q13501
2026-05-11 06:44:03,194 - INFO - RCSB full-text mapping 116/406: Q13702
2026-05-11 06:44:03,236 - INFO - RCSB full-text mapping 117/406: Q14139
2026-05-11 06:44:04,279 - INFO - RCSB full-text mapping 118/406: Q14258
2026-05-11 06:44:05,321 - INFO - RCSB full-text mapping 119/406: Q14527
2026-05-11 06:44:06,365 - INFO - RCSB full-text mapping 120/406: Q14669
2026-05-11 06:44:07,408 - INFO - RCSB full-text mapping 121/406: Q149N8
2026-05-11 06:44:08,452 - INFO - RCSB full-text mapping 122/406: Q15034
2026-05-11 06:44:08,492 - INFO - RCSB full-text mapping 123/406: Q15386
2026-05-11 06:44:09,533 - INFO - RCSB full-text mapping 124/406: Q15751
2026-05-11 06:44:10,577 - INFO - RCSB full-text mapping 125/406: Q15819
2026-05-11 06:44:11,633 - INFO - RCSB full-text mapping 126/406: Q16763
2026-05-11 06:44:12,677 - INFO - RCSB full-text mapping 127/406: Q17RB8
2026-05-11 06:44:12,717 - INFO - RCSB full-text mapping 128/406: Q1L5Z9
2026-05-11 06:44:12,756 - INFO - RCSB full-text mapping 129/406: Q2KHN1
2026-05-11 06:44:12,796 - INFO - RCSB full-text mapping 130/406: Q2Q1W2
2026-05-11 06:44:13,838 - INFO - RCSB full-text mapping 131/406: Q3KNV8
2026-05-11 06:44:13,878 - INFO - RCSB full-text mapping 132/406: Q495C1
2026-05-11 06:44:13,920 - INFO - RCSB full-text mapping 133/406: Q495X7
2026-05-11 06:44:13,976 - INFO - RCSB full-text mapping 134/406: Q496Y0
2026-05-11 06:44:14,017 - INFO - RCSB full-text mapping 135/406: Q5EBN2
2026-05-11 06:44:14,057 - INFO - RCSB full-text mapping 136/406: Q5GLZ8
2026-05-11 06:44:14,098 - INFO - RCSB full-text mapping 137/406: Q5M7Z0
2026-05-11 06:44:14,137 - INFO - RCSB full-text mapping 138/406: Q5T0T0
2026-05-11 06:44:15,179 - INFO - RCSB full-text mapping 139/406: Q5T197
2026-05-11 06:44:15,219 - INFO - RCSB full-text mapping 140/406: Q5T447
2026-05-11 06:44:16,260 - INFO - RCSB full-text mapping 141/406: Q5T4S7
2026-05-11 06:44:17,303 - INFO - RCSB full-text mapping 142/406: Q5TA31
2026-05-11 06:44:18,344 - INFO - RCSB full-text mapping 143/406: Q5TC82
2026-05-11 06:44:19,386 - INFO - RCSB full-text mapping 144/406: Q5U5Q3
2026-05-11 06:44:20,428 - INFO - RCSB full-text mapping 145/406: Q5U5R9
2026-05-11 06:44:20,468 - INFO - RCSB full-text mapping 146/406: Q5VTB9
2026-05-11 06:44:20,507 - INFO - RCSB full-text mapping 147/406: Q5VTR2
2026-05-11 06:44:21,550 - INFO - RCSB full-text mapping 148/406: Q5VVX9
2026-05-11 06:44:22,593 - INFO - RCSB full-text mapping 149/406: Q5W0B1
2026-05-11 06:44:22,634 - INFO - RCSB full-text mapping 150/406: Q5XPI4
2026-05-11 06:44:23,676 - INFO - RCSB full-text mapping 151/406: Q63HN8
2026-05-11 06:44:24,719 - INFO - RCSB full-text mapping 152/406: Q68DV7
2026-05-11 06:44:25,761 - INFO - RCSB full-text mapping 153/406: Q6AZZ1
2026-05-11 06:44:25,802 - INFO - RCSB full-text mapping 154/406: Q6P9F5
2026-05-11 06:44:25,842 - INFO - RCSB full-text mapping 155/406: Q6PCD5
2026-05-11 06:44:26,885 - INFO - RCSB full-text mapping 156/406: Q6PJ69
2026-05-11 06:44:27,929 - INFO - RCSB full-text mapping 157/406: Q6PJI9
2026-05-11 06:44:28,971 - INFO - RCSB full-text mapping 158/406: Q6Q0C0
2026-05-11 06:44:30,014 - INFO - RCSB full-text mapping 159/406: Q6UWE0
2026-05-11 06:44:30,055 - INFO - RCSB full-text mapping 160/406: Q6VVB1
2026-05-11 06:44:30,095 - INFO - RCSB full-text mapping 161/406: Q6ZMN7
2026-05-11 06:44:30,134 - INFO - RCSB full-text mapping 162/406: Q6ZMU5
2026-05-11 06:44:31,175 - INFO - RCSB full-text mapping 163/406: Q6ZMZ0
2026-05-11 06:44:31,215 - INFO - RCSB full-text mapping 164/406: Q6ZN04
2026-05-11 06:44:32,256 - INFO - RCSB full-text mapping 165/406: Q6ZNA4
2026-05-11 06:44:33,299 - INFO - RCSB full-text mapping 166/406: Q6ZNB6
2026-05-11 06:44:33,340 - INFO - RCSB full-text mapping 167/406: Q6ZRF8
2026-05-11 06:44:33,380 - INFO - RCSB full-text mapping 168/406: Q6ZSG1
2026-05-11 06:44:34,424 - INFO - RCSB full-text mapping 169/406: Q6ZT12
2026-05-11 06:44:34,466 - INFO - RCSB full-text mapping 170/406: Q6ZTA4
2026-05-11 06:44:35,508 - INFO - RCSB full-text mapping 171/406: Q6ZWI9
2026-05-11 06:44:35,550 - INFO - RCSB full-text mapping 172/406: Q712K3
2026-05-11 06:44:36,591 - INFO - RCSB full-text mapping 173/406: Q75N03
2026-05-11 06:44:36,631 - INFO - RCSB full-text mapping 174/406: Q76N89
2026-05-11 06:44:37,673 - INFO - RCSB full-text mapping 175/406: Q7L0R7
2026-05-11 06:44:37,716 - INFO - RCSB full-text mapping 176/406: Q7L5Y9
2026-05-11 06:44:38,758 - INFO - RCSB full-text mapping 177/406: Q7L622
2026-05-11 06:44:38,798 - INFO - RCSB full-text mapping 178/406: Q7Z3V4
2026-05-11 06:44:38,838 - INFO - RCSB full-text mapping 179/406: Q7Z419
2026-05-11 06:44:38,879 - INFO - RCSB full-text mapping 180/406: Q7Z4K8
2026-05-11 06:44:38,920 - INFO - RCSB full-text mapping 181/406: Q7Z569
2026-05-11 06:44:38,959 - INFO - RCSB full-text mapping 182/406: Q7Z5L9
2026-05-11 06:44:40,027 - INFO - RCSB full-text mapping 183/406: Q7Z6E9
2026-05-11 06:44:41,070 - INFO - RCSB full-text mapping 184/406: Q7Z6J0
2026-05-11 06:44:42,112 - INFO - RCSB full-text mapping 185/406: Q7Z6J8
2026-05-11 06:44:42,154 - INFO - RCSB full-text mapping 186/406: Q7Z6Z7
2026-05-11 06:44:43,197 - INFO - RCSB full-text mapping 187/406: Q7Z7E8
2026-05-11 06:44:44,240 - INFO - RCSB full-text mapping 188/406: Q86SE9
2026-05-11 06:44:45,282 - INFO - RCSB full-text mapping 189/406: Q86T96
2026-05-11 06:44:45,324 - INFO - RCSB full-text mapping 190/406: Q86TM6
2026-05-11 06:44:46,368 - INFO - RCSB full-text mapping 191/406: Q86UD3
2026-05-11 06:44:46,408 - INFO - RCSB full-text mapping 192/406: Q86UK7
2026-05-11 06:44:46,447 - INFO - RCSB full-text mapping 193/406: Q86UV6
2026-05-11 06:44:46,488 - INFO - RCSB full-text mapping 194/406: Q86UV7
2026-05-11 06:44:46,528 - INFO - RCSB full-text mapping 195/406: Q86UW9
2026-05-11 06:44:47,568 - INFO - RCSB full-text mapping 196/406: Q86WT6
2026-05-11 06:44:48,612 - INFO - RCSB full-text mapping 197/406: Q86XN8
2026-05-11 06:44:49,654 - INFO - RCSB full-text mapping 198/406: Q86XS8
2026-05-11 06:44:49,694 - INFO - RCSB full-text mapping 199/406: Q86XT4
2026-05-11 06:44:49,735 - INFO - RCSB full-text mapping 200/406: Q86Y01
2026-05-11 06:44:50,778 - INFO - RCSB full-text mapping 201/406: Q86Y13
2026-05-11 06:44:50,819 - INFO - RCSB full-text mapping 202/406: Q86YJ5
2026-05-11 06:44:50,858 - INFO - RCSB full-text mapping 203/406: Q86YT6
2026-05-11 06:44:51,898 - INFO - RCSB full-text mapping 204/406: Q8IU81
2026-05-11 06:44:51,940 - INFO - RCSB full-text mapping 205/406: Q8IUD6
2026-05-11 06:44:52,980 - INFO - RCSB full-text mapping 206/406: Q8IUQ4
2026-05-11 06:44:54,024 - INFO - RCSB full-text mapping 207/406: Q8IVU3
2026-05-11 06:44:55,070 - INFO - RCSB full-text mapping 208/406: Q8IWR1
2026-05-11 06:44:55,110 - INFO - RCSB full-text mapping 209/406: Q8IWT3
2026-05-11 06:44:56,154 - INFO - RCSB full-text mapping 210/406: Q8IWV7
2026-05-11 06:44:57,198 - INFO - RCSB full-text mapping 211/406: Q8IWV8
2026-05-11 06:44:58,241 - INFO - RCSB full-text mapping 212/406: Q8IWZ4
2026-05-11 06:44:58,281 - INFO - RCSB full-text mapping 213/406: Q8IWZ5
2026-05-11 06:44:58,321 - INFO - RCSB full-text mapping 214/406: Q8IYM9
2026-05-11 06:44:58,369 - INFO - RCSB full-text mapping 215/406: Q8IYU2
2026-05-11 06:44:59,411 - INFO - RCSB full-text mapping 216/406: Q8IYW5
2026-05-11 06:45:00,454 - INFO - RCSB full-text mapping 217/406: Q8IZP6
2026-05-11 06:45:01,498 - INFO - RCSB full-text mapping 218/406: Q8N2H9
2026-05-11 06:45:01,538 - INFO - RCSB full-text mapping 219/406: Q8N2K1
2026-05-11 06:45:02,582 - INFO - RCSB full-text mapping 220/406: Q8N2W9
2026-05-11 06:45:02,624 - INFO - RCSB full-text mapping 221/406: Q8N3P4
2026-05-11 06:45:02,666 - INFO - RCSB full-text mapping 222/406: Q8N448
2026-05-11 06:45:03,709 - INFO - RCSB full-text mapping 223/406: Q8N4F7
2026-05-11 06:45:03,751 - INFO - RCSB full-text mapping 224/406: Q8N5U6
2026-05-11 06:45:03,791 - INFO - RCSB full-text mapping 225/406: Q8N6D2
2026-05-11 06:45:03,831 - INFO - RCSB full-text mapping 226/406: Q8N7C7
2026-05-11 06:45:03,872 - INFO - RCSB full-text mapping 227/406: Q8N7E2
2026-05-11 06:45:03,911 - INFO - RCSB full-text mapping 228/406: Q8N8N0
2026-05-11 06:45:03,950 - INFO - RCSB full-text mapping 229/406: Q8N9I9
2026-05-11 06:45:03,991 - INFO - RCSB full-text mapping 230/406: Q8N9V2
2026-05-11 06:45:04,030 - INFO - RCSB full-text mapping 231/406: Q8N9V3
2026-05-11 06:45:04,069 - INFO - RCSB full-text mapping 232/406: Q8NA82
2026-05-11 06:45:04,108 - INFO - RCSB full-text mapping 233/406: Q8NC42
2026-05-11 06:45:04,149 - INFO - RCSB full-text mapping 234/406: Q8NCN4
2026-05-11 06:45:05,192 - INFO - RCSB full-text mapping 235/406: Q8ND24
2026-05-11 06:45:05,232 - INFO - RCSB full-text mapping 236/406: Q8ND25
2026-05-11 06:45:06,275 - INFO - RCSB full-text mapping 237/406: Q8NEG5
2026-05-11 06:45:07,317 - INFO - RCSB full-text mapping 238/406: Q8NEZ4
2026-05-11 06:45:08,360 - INFO - RCSB full-text mapping 239/406: Q8NF64
2026-05-11 06:45:08,402 - INFO - RCSB full-text mapping 240/406: Q8NG06
2026-05-11 06:45:09,444 - INFO - RCSB full-text mapping 241/406: Q8NG27
2026-05-11 06:45:10,486 - INFO - RCSB full-text mapping 242/406: Q8NHG8
2026-05-11 06:45:10,526 - INFO - RCSB full-text mapping 243/406: Q8NHY2
2026-05-11 06:45:11,569 - INFO - RCSB full-text mapping 244/406: Q8TBB1
2026-05-11 06:45:12,612 - INFO - RCSB full-text mapping 245/406: Q8TC41
2026-05-11 06:45:12,654 - INFO - RCSB full-text mapping 246/406: Q8TCQ1
2026-05-11 06:45:12,693 - INFO - RCSB full-text mapping 247/406: Q8TDB6
2026-05-11 06:45:13,736 - INFO - RCSB full-text mapping 248/406: Q8TEB7
2026-05-11 06:45:14,779 - INFO - RCSB full-text mapping 249/406: Q8TEC5
2026-05-11 06:45:14,822 - INFO - RCSB full-text mapping 250/406: Q8TEJ3
2026-05-11 06:45:14,864 - INFO - RCSB full-text mapping 251/406: Q8WU17
2026-05-11 06:45:14,907 - INFO - RCSB full-text mapping 252/406: Q8WV22
2026-05-11 06:45:15,950 - INFO - RCSB full-text mapping 253/406: Q8WV44
2026-05-11 06:45:16,994 - INFO - RCSB full-text mapping 254/406: Q8WVD3
2026-05-11 06:45:17,035 - INFO - RCSB full-text mapping 255/406: Q8WVD5
2026-05-11 06:45:18,077 - INFO - RCSB full-text mapping 256/406: Q8WVN8
2026-05-11 06:45:19,118 - INFO - RCSB full-text mapping 257/406: Q8WVZ7
2026-05-11 06:45:19,161 - INFO - RCSB full-text mapping 258/406: Q8WWF5
2026-05-11 06:45:19,200 - INFO - RCSB full-text mapping 259/406: Q8WY64
2026-05-11 06:45:20,241 - INFO - RCSB full-text mapping 260/406: Q8WZ73
2026-05-11 06:45:21,282 - INFO - RCSB full-text mapping 261/406: Q92793
2026-05-11 06:45:22,327 - INFO - RCSB full-text mapping 262/406: Q969K3
2026-05-11 06:45:22,367 - INFO - RCSB full-text mapping 263/406: Q969M7
2026-05-11 06:45:23,410 - INFO - RCSB full-text mapping 264/406: Q969Q1
2026-05-11 06:45:24,454 - INFO - RCSB full-text mapping 265/406: Q969T4
2026-05-11 06:45:24,495 - INFO - RCSB full-text mapping 266/406: Q969V5
2026-05-11 06:45:25,537 - INFO - RCSB full-text mapping 267/406: Q96A37
2026-05-11 06:45:25,577 - INFO - RCSB full-text mapping 268/406: Q96A61
2026-05-11 06:45:25,618 - INFO - RCSB full-text mapping 269/406: Q96AX9
2026-05-11 06:45:25,660 - INFO - RCSB full-text mapping 270/406: Q96B02
2026-05-11 06:45:26,701 - INFO - RCSB full-text mapping 271/406: Q96BH1
2026-05-11 06:45:27,744 - INFO - RCSB full-text mapping 272/406: Q96BQ3
2026-05-11 06:45:27,784 - INFO - RCSB full-text mapping 273/406: Q96CA5
2026-05-11 06:45:28,826 - INFO - RCSB full-text mapping 274/406: Q96D59
2026-05-11 06:45:28,867 - INFO - RCSB full-text mapping 275/406: Q96DX4
2026-05-11 06:45:28,907 - INFO - RCSB full-text mapping 276/406: Q96EH8
2026-05-11 06:45:28,949 - INFO - RCSB full-text mapping 277/406: Q96EP0
2026-05-11 06:45:29,990 - INFO - RCSB full-text mapping 278/406: Q96EP1
2026-05-11 06:45:31,034 - INFO - RCSB full-text mapping 279/406: Q96EQ8
2026-05-11 06:45:32,078 - INFO - RCSB full-text mapping 280/406: Q96EX2
2026-05-11 06:45:32,118 - INFO - RCSB full-text mapping 281/406: Q96F44
2026-05-11 06:45:33,159 - INFO - RCSB full-text mapping 282/406: Q96FA3
2026-05-11 06:45:34,201 - INFO - RCSB full-text mapping 283/406: Q96G75
2026-05-11 06:45:34,243 - INFO - RCSB full-text mapping 284/406: Q96GF1
2026-05-11 06:45:34,282 - INFO - RCSB full-text mapping 285/406: Q96J02
2026-05-11 06:45:35,323 - INFO - RCSB full-text mapping 286/406: Q96K19
2026-05-11 06:45:35,365 - INFO - RCSB full-text mapping 287/406: Q96LD4
2026-05-11 06:45:35,407 - INFO - RCSB full-text mapping 288/406: Q96LR5
2026-05-11 06:45:36,448 - INFO - RCSB full-text mapping 289/406: Q96MF7
2026-05-11 06:45:37,490 - INFO - RCSB full-text mapping 290/406: Q96MT1
2026-05-11 06:45:37,531 - INFO - RCSB full-text mapping 291/406: Q96P09
2026-05-11 06:45:38,573 - INFO - RCSB full-text mapping 292/406: Q96PM5
2026-05-11 06:45:39,616 - INFO - RCSB full-text mapping 293/406: Q96PU4
2026-05-11 06:45:40,660 - INFO - RCSB full-text mapping 294/406: Q96PU5
2026-05-11 06:45:41,707 - INFO - RCSB full-text mapping 295/406: Q96PX1
2026-05-11 06:45:41,748 - INFO - RCSB full-text mapping 296/406: Q96T88
2026-05-11 06:45:42,789 - INFO - RCSB full-text mapping 297/406: Q99496
2026-05-11 06:45:43,830 - INFO - RCSB full-text mapping 298/406: Q99590
2026-05-11 06:45:43,871 - INFO - RCSB full-text mapping 299/406: Q99675
2026-05-11 06:45:44,913 - INFO - RCSB full-text mapping 300/406: Q99728
2026-05-11 06:45:45,955 - INFO - RCSB full-text mapping 301/406: Q99942
2026-05-11 06:45:45,997 - INFO - RCSB full-text mapping 302/406: Q9BRZ2
2026-05-11 06:45:47,041 - INFO - RCSB full-text mapping 303/406: Q9BSJ1
2026-05-11 06:45:47,083 - INFO - RCSB full-text mapping 304/406: Q9BSM1
2026-05-11 06:45:48,126 - INFO - RCSB full-text mapping 305/406: Q9BUZ4
2026-05-11 06:45:49,169 - INFO - RCSB full-text mapping 306/406: Q9BV68
2026-05-11 06:45:50,213 - INFO - RCSB full-text mapping 307/406: Q9BVG3
2026-05-11 06:45:50,256 - INFO - RCSB full-text mapping 308/406: Q9BWF2
2026-05-11 06:45:51,297 - INFO - RCSB full-text mapping 309/406: Q9BWX1
2026-05-11 06:45:51,340 - INFO - RCSB full-text mapping 310/406: Q9BXT8
2026-05-11 06:45:52,382 - INFO - RCSB full-text mapping 311/406: Q9BY78
2026-05-11 06:45:52,426 - INFO - RCSB full-text mapping 312/406: Q9BYE7
2026-05-11 06:45:53,467 - INFO - RCSB full-text mapping 313/406: Q9BYJ4
2026-05-11 06:45:54,509 - INFO - RCSB full-text mapping 314/406: Q9BYM8
2026-05-11 06:45:55,552 - INFO - RCSB full-text mapping 315/406: Q9BYV2
2026-05-11 06:45:56,596 - INFO - RCSB full-text mapping 316/406: Q9BYV6
2026-05-11 06:45:56,636 - INFO - RCSB full-text mapping 317/406: Q9BZR9
2026-05-11 06:45:56,676 - INFO - RCSB full-text mapping 318/406: Q9BZY9
2026-05-11 06:45:57,718 - INFO - RCSB full-text mapping 319/406: Q9C019
2026-05-11 06:45:58,763 - INFO - RCSB full-text mapping 320/406: Q9C026
2026-05-11 06:45:59,806 - INFO - RCSB full-text mapping 321/406: Q9C029
2026-05-11 06:46:00,848 - INFO - RCSB full-text mapping 322/406: Q9C030
2026-05-11 06:46:00,890 - INFO - RCSB full-text mapping 323/406: Q9C035
2026-05-11 06:46:01,933 - INFO - RCSB full-text mapping 324/406: Q9C037
2026-05-11 06:46:01,974 - INFO - RCSB full-text mapping 325/406: Q9C040
2026-05-11 06:46:03,015 - INFO - RCSB full-text mapping 326/406: Q9C0B0
2026-05-11 06:46:03,056 - INFO - RCSB full-text mapping 327/406: Q9C0C9
2026-05-11 06:46:04,099 - INFO - RCSB full-text mapping 328/406: Q9H000
2026-05-11 06:46:04,140 - INFO - RCSB full-text mapping 329/406: Q9H0A6
2026-05-11 06:46:04,181 - INFO - RCSB full-text mapping 330/406: Q9H0F5
2026-05-11 06:46:05,224 - INFO - RCSB full-text mapping 331/406: Q9H0M0
2026-05-11 06:46:06,269 - INFO - RCSB full-text mapping 332/406: Q9H0X6
2026-05-11 06:46:06,309 - INFO - RCSB full-text mapping 333/406: Q9H1B7
2026-05-11 06:46:07,351 - INFO - RCSB full-text mapping 334/406: Q9H270
2026-05-11 06:46:07,393 - INFO - RCSB full-text mapping 335/406: Q9H2S5
2026-05-11 06:46:07,434 - INFO - RCSB full-text mapping 336/406: Q9H4P4
2026-05-11 06:46:08,474 - INFO - RCSB full-text mapping 337/406: Q9H6Y7
2026-05-11 06:46:08,515 - INFO - RCSB full-text mapping 338/406: Q9H832
2026-05-11 06:46:09,557 - INFO - RCSB full-text mapping 339/406: Q9H871
2026-05-11 06:46:10,599 - INFO - RCSB full-text mapping 340/406: Q9H8W5
2026-05-11 06:46:11,642 - INFO - RCSB full-text mapping 341/406: Q9H920
2026-05-11 06:46:11,683 - INFO - RCSB full-text mapping 342/406: Q9H992
2026-05-11 06:46:11,722 - INFO - RCSB full-text mapping 343/406: Q9H9P5
2026-05-11 06:46:11,762 - INFO - RCSB full-text mapping 344/406: Q9H9V4
2026-05-11 06:46:11,802 - INFO - RCSB full-text mapping 345/406: Q9HAT8
2026-05-11 06:46:12,844 - INFO - RCSB full-text mapping 346/406: Q9HAU4
2026-05-11 06:46:13,886 - INFO - RCSB full-text mapping 347/406: Q9HBD1
2026-05-11 06:46:14,928 - INFO - RCSB full-text mapping 348/406: Q9HCE7
2026-05-11 06:46:15,973 - INFO - RCSB full-text mapping 349/406: Q9HCI7
2026-05-11 06:46:17,017 - INFO - RCSB full-text mapping 350/406: Q9HCM9
2026-05-11 06:46:18,058 - INFO - RCSB full-text mapping 351/406: Q9NPC3
2026-05-11 06:46:19,100 - INFO - RCSB full-text mapping 352/406: Q9NPD8
2026-05-11 06:46:20,143 - INFO - RCSB full-text mapping 353/406: Q9NQ86
2026-05-11 06:46:21,185 - INFO - RCSB full-text mapping 354/406: Q9NR09
2026-05-11 06:46:22,226 - INFO - RCSB full-text mapping 355/406: Q9NS56
2026-05-11 06:46:22,268 - INFO - RCSB full-text mapping 356/406: Q9NS91
2026-05-11 06:46:23,311 - INFO - RCSB full-text mapping 357/406: Q9NTX7
2026-05-11 06:46:24,353 - INFO - RCSB full-text mapping 358/406: Q9NV58
2026-05-11 06:46:24,392 - INFO - RCSB full-text mapping 359/406: Q9NVW2
2026-05-11 06:46:25,434 - INFO - RCSB full-text mapping 360/406: Q9NW38
2026-05-11 06:46:26,478 - INFO - RCSB full-text mapping 361/406: Q9NWF9
2026-05-11 06:46:27,719 - INFO - RCSB full-text mapping 362/406: Q9NX47
2026-05-11 06:46:27,759 - INFO - RCSB full-text mapping 363/406: Q9NXI6
2026-05-11 06:46:27,800 - INFO - RCSB full-text mapping 364/406: Q9NYG5
2026-05-11 06:46:28,843 - INFO - RCSB full-text mapping 365/406: Q9NZS9
2026-05-11 06:46:28,883 - INFO - RCSB full-text mapping 366/406: Q9P0J7
2026-05-11 06:46:29,924 - INFO - RCSB full-text mapping 367/406: Q9P0N8
2026-05-11 06:46:29,965 - INFO - RCSB full-text mapping 368/406: Q9P0P0
2026-05-11 06:46:30,006 - INFO - RCSB full-text mapping 369/406: Q9P1Y6
2026-05-11 06:46:30,045 - INFO - RCSB full-text mapping 370/406: Q9P253
2026-05-11 06:46:30,085 - INFO - RCSB full-text mapping 371/406: Q9P2E8
2026-05-11 06:46:30,126 - INFO - RCSB full-text mapping 372/406: Q9P2G1
2026-05-11 06:46:30,166 - INFO - RCSB full-text mapping 373/406: Q9P2P5
2026-05-11 06:46:31,207 - INFO - RCSB full-text mapping 374/406: Q9UBF6
2026-05-11 06:46:32,249 - INFO - RCSB full-text mapping 375/406: Q9UBN7
2026-05-11 06:46:33,293 - INFO - RCSB full-text mapping 376/406: Q9UBS8
2026-05-11 06:46:33,334 - INFO - RCSB full-text mapping 377/406: Q9UDY6
2026-05-11 06:46:34,375 - INFO - RCSB full-text mapping 378/406: Q9UHC7
2026-05-11 06:46:34,416 - INFO - RCSB full-text mapping 379/406: Q9UII4
2026-05-11 06:46:35,460 - INFO - RCSB full-text mapping 380/406: Q9UJV3
2026-05-11 06:46:36,502 - INFO - RCSB full-text mapping 381/406: Q9UKV5
2026-05-11 06:46:37,544 - INFO - RCSB full-text mapping 382/406: Q9ULJ6
2026-05-11 06:46:38,588 - INFO - RCSB full-text mapping 383/406: Q9ULK6
2026-05-11 06:46:38,630 - INFO - RCSB full-text mapping 384/406: Q9ULT6
2026-05-11 06:46:39,671 - INFO - RCSB full-text mapping 385/406: Q9ULT8
2026-05-11 06:46:40,713 - INFO - RCSB full-text mapping 386/406: Q9ULV8
2026-05-11 06:46:41,757 - INFO - RCSB full-text mapping 387/406: Q9ULX5
2026-05-11 06:46:41,798 - INFO - RCSB full-text mapping 388/406: Q9UMS4
2026-05-11 06:46:42,840 - INFO - RCSB full-text mapping 389/406: Q9UNE7
2026-05-11 06:46:43,883 - INFO - RCSB full-text mapping 390/406: Q9UPN9
2026-05-11 06:46:44,926 - INFO - RCSB full-text mapping 391/406: Q9UPQ4
2026-05-11 06:46:44,969 - INFO - RCSB full-text mapping 392/406: Q9UPQ7
2026-05-11 06:46:46,011 - INFO - RCSB full-text mapping 393/406: Q9Y225
2026-05-11 06:46:47,053 - INFO - RCSB full-text mapping 394/406: Q9Y252
2026-05-11 06:46:47,094 - INFO - RCSB full-text mapping 395/406: Q9Y2E6
2026-05-11 06:46:47,135 - INFO - RCSB full-text mapping 396/406: Q9Y2X8
2026-05-11 06:46:47,174 - INFO - RCSB full-text mapping 397/406: Q9Y314
2026-05-11 06:46:48,215 - INFO - RCSB full-text mapping 398/406: Q9Y385
2026-05-11 06:46:48,256 - INFO - RCSB full-text mapping 399/406: Q9Y3C5
2026-05-11 06:46:48,298 - INFO - RCSB full-text mapping 400/406: Q9Y4D8
2026-05-11 06:46:48,338 - INFO - RCSB full-text mapping 401/406: Q9Y4K3
2026-05-11 06:46:49,380 - INFO - RCSB full-text mapping 402/406: Q9Y4L5
2026-05-11 06:46:49,422 - INFO - RCSB full-text mapping 403/406: Q9Y4X5
2026-05-11 06:46:50,465 - INFO - RCSB full-text mapping 404/406: Q9Y508
2026-05-11 06:46:50,505 - INFO - RCSB full-text mapping 405/406: Q9Y577
2026-05-11 06:46:50,546 - INFO - RCSB full-text mapping 406/406: Q9Y6U7
2026-05-11 06:46:50,589 - INFO - Combined mapping complete
2026-05-11 06:46:50,590 - INFO - Total unique PDB IDs mapped: 2059
2026-05-11 06:46:50,590 - INFO - Processing all 2059 PDB IDs
2026-05-11 06:46:50,590 - INFO - JSON API: 1/2059 13RZ
2026-05-11 06:46:57,171 - INFO - JSON API: 51/2059 1FP0
2026-05-11 06:47:05,754 - INFO - JSON API: 101/2059 1TFT
2026-05-11 06:47:14,810 - INFO - JSON API: 151/2059 2A25
2026-05-11 06:47:22,191 - INFO - JSON API: 201/2059 2ECL
2026-05-11 06:47:28,884 - INFO - JSON API: 251/2059 2JY7
2026-05-11 06:47:37,006 - INFO - JSON API: 301/2059 2LZG
2026-05-11 06:47:43,946 - INFO - JSON API: 351/2059 2R1Z
2026-05-11 06:47:51,607 - INFO - JSON API: 401/2059 3BUW
2026-05-11 06:47:58,549 - INFO - JSON API: 451/2059 3H8K
2026-05-11 06:47:59,642 - WARNING - Retrying (Retry(total=4, connect=5, read=4, redirect=None, status=None)) after connection broken by 'RemoteDisconnected('Remote end closed connection without response')': /rest/v1/core/polymer_entity/3IWY/2
2026-05-11 06:48:08,891 - INFO - JSON API: 501/2059 3O33
2026-05-11 06:48:16,145 - INFO - JSON API: 551/2059 3U15
2026-05-11 06:48:24,958 - INFO - JSON API: 601/2059 4CFG
2026-05-11 06:48:32,365 - INFO - JSON API: 651/2059 4JLU
2026-05-11 06:48:40,096 - INFO - JSON API: 701/2059 4O2W
2026-05-11 06:48:47,751 - INFO - JSON API: 751/2059 4TSE
2026-05-11 06:48:56,880 - INFO - JSON API: 801/2059 4ZFI
2026-05-11 06:49:04,741 - INFO - JSON API: 851/2059 5DIN
2026-05-11 06:49:13,726 - INFO - JSON API: 901/2059 5HQG
2026-05-11 06:49:23,639 - INFO - JSON API: 951/2059 5LPM
2026-05-11 06:49:32,931 - INFO - JSON API: 1001/2059 5TRB
2026-05-11 06:49:42,059 - INFO - JSON API: 1051/2059 5YPE
2026-05-11 06:49:56,992 - INFO - JSON API: 1101/2059 6ES6
2026-05-11 06:50:11,267 - INFO - JSON API: 1151/2059 6JX5
2026-05-11 06:50:22,574 - INFO - JSON API: 1201/2059 6QCI
2026-05-11 06:50:35,834 - INFO - JSON API: 1251/2059 6UMS
2026-05-11 06:50:47,798 - INFO - JSON API: 1301/2059 7AD0
2026-05-11 06:51:07,379 - INFO - JSON API: 1351/2059 7KJN
2026-05-11 06:51:27,513 - INFO - JSON API: 1401/2059 7OJX
2026-05-11 06:51:37,410 - INFO - JSON API: 1451/2059 7UN6
2026-05-11 06:51:51,853 - INFO - JSON API: 1501/2059 8A58
2026-05-11 06:52:06,897 - INFO - JSON API: 1551/2059 8EI4
2026-05-11 06:52:19,855 - INFO - JSON API: 1601/2059 8GXS
2026-05-11 06:52:46,505 - INFO - JSON API: 1651/2059 8JAS
2026-05-11 06:52:57,155 - INFO - JSON API: 1701/2059 8PJN
2026-05-11 06:53:09,217 - INFO - JSON API: 1751/2059 8SN0
2026-05-11 06:53:37,186 - INFO - JSON API: 1801/2059 8WMS
2026-05-11 06:53:48,520 - INFO - JSON API: 1851/2059 9BJ9
2026-05-11 06:54:03,008 - INFO - JSON API: 1901/2059 9GFC
2026-05-11 06:54:14,922 - INFO - JSON API: 1951/2059 9KQ2
2026-05-11 06:54:28,571 - INFO - JSON API: 2001/2059 9Q8Y
2026-05-11 06:54:39,363 - INFO - JSON API: 2051/2059 9UV6
2026-05-11 06:54:40,688 - INFO - JSON API returned base info for 2059 entries
2026-05-11 06:54:40,774 - INFO - UniProt gene-mapping batch 1: 400 IDs
2026-05-11 06:54:44,765 - INFO - UniProt gene-mapping batch 2: 6 IDs
2026-05-11 06:54:48,349 - INFO - Mapped 406 UniProt IDs to gene names via mapping API
2026-05-11 06:54:48,407 - INFO - Saved main CSV: /home/runner/work/UbiqCore/UbiqCore/util/data/pdb_updates/pdb_structures_detailed_update_20260511.csv
2026-05-11 06:54:48,410 - INFO - 
Summary:
2026-05-11 06:54:48,410 - INFO - Total unique PDB structures: 2059
2026-05-11 06:54:48,411 - INFO - PDB structures containing E2 (by UniProt IDs): 364
2026-05-11 06:54:48,412 - INFO - PDB structures containing E3 (by UniProt IDs): 1829
2026-05-11 06:54:48,412 - INFO - PDB structures containing Ubiquitin: 171
2026-05-11 06:54:48,413 - INFO - PDB structures containing both E2 and E3: 135
2026-05-11 06:54:48,413 - INFO - PDB structures containing E2, E3, and Ubiquitin: 58
2026-05-11 06:54:48,414 - INFO - processing complete.
