2026-04-27 05:57:31,593 - INFO - Logging to /home/runner/work/UbiqCore/UbiqCore/util/data/pdb_updates/pdb_update_20260427_055731.log
2026-04-27 05:57:31,594 - INFO - Read 37 E2 IDs and 369 E3 IDs
2026-04-27 05:57:31,594 - INFO - Total unique UniProt IDs: 406
2026-04-27 05:57:31,594 - INFO - Starting UniProt→PDB mapping via UniProt service...
2026-04-27 05:57:31,594 - INFO - UniProt mapping batch 1: 50 IDs
2026-04-27 05:58:15,634 - INFO - UniProt mapping batch 2: 50 IDs
2026-04-27 05:58:15,821 - ERROR - UniProt mapping job failed: {'jobStatus': 'NEW'}
2026-04-27 05:58:16,822 - INFO - UniProt mapping batch 3: 50 IDs
2026-04-27 05:58:32,927 - INFO - UniProt mapping batch 4: 50 IDs
2026-04-27 05:58:33,127 - ERROR - UniProt mapping job failed: {'jobStatus': 'NEW'}
2026-04-27 05:58:34,129 - INFO - UniProt mapping batch 5: 50 IDs
2026-04-27 05:58:41,820 - INFO - UniProt mapping batch 6: 50 IDs
2026-04-27 05:58:45,372 - INFO - UniProt mapping batch 7: 50 IDs
2026-04-27 05:58:48,864 - INFO - UniProt mapping batch 8: 50 IDs
2026-04-27 05:58:52,367 - INFO - UniProt mapping batch 9: 6 IDs
2026-04-27 05:59:22,136 - INFO - Starting UniProt→PDB mapping via RCSB full-text search...
2026-04-27 05:59:22,137 - INFO - RCSB full-text mapping 1/406: A0A1B0GUS4
2026-04-27 05:59:22,373 - INFO - RCSB full-text mapping 2/406: A0AVI4
2026-04-27 05:59:22,389 - INFO - RCSB full-text mapping 3/406: A1L020
2026-04-27 05:59:22,406 - INFO - RCSB full-text mapping 4/406: A1L167
2026-04-27 05:59:22,423 - INFO - RCSB full-text mapping 5/406: A6NCK2
2026-04-27 05:59:22,439 - INFO - RCSB full-text mapping 6/406: A6NCQ9
2026-04-27 05:59:22,455 - INFO - RCSB full-text mapping 7/406: A6NDI0
2026-04-27 05:59:22,472 - INFO - RCSB full-text mapping 8/406: A6NGJ6
2026-04-27 05:59:22,489 - INFO - RCSB full-text mapping 9/406: A6NI03
2026-04-27 05:59:22,505 - INFO - RCSB full-text mapping 10/406: A6NK02
2026-04-27 05:59:22,521 - INFO - RCSB full-text mapping 11/406: A6NLI5
2026-04-27 05:59:22,538 - INFO - RCSB full-text mapping 12/406: A6NLU0
2026-04-27 05:59:23,557 - INFO - RCSB full-text mapping 13/406: A6NNE9
2026-04-27 05:59:23,574 - INFO - RCSB full-text mapping 14/406: A8MQ27
2026-04-27 05:59:23,609 - INFO - RCSB full-text mapping 15/406: A8MTL3
2026-04-27 05:59:23,627 - INFO - RCSB full-text mapping 16/406: C9J1S8
2026-04-27 05:59:23,643 - INFO - RCSB full-text mapping 17/406: E7ERA6
2026-04-27 05:59:23,659 - INFO - RCSB full-text mapping 18/406: F8VTS6
2026-04-27 05:59:23,675 - INFO - RCSB full-text mapping 19/406: I1YAP6
2026-04-27 05:59:23,691 - INFO - RCSB full-text mapping 20/406: M0QZC1
2026-04-27 05:59:23,708 - INFO - RCSB full-text mapping 21/406: O00237
2026-04-27 05:59:23,724 - INFO - RCSB full-text mapping 22/406: O00308
2026-04-27 05:59:24,741 - INFO - RCSB full-text mapping 23/406: O00463
2026-04-27 05:59:25,761 - INFO - RCSB full-text mapping 24/406: O00623
2026-04-27 05:59:25,777 - INFO - RCSB full-text mapping 25/406: O00635
2026-04-27 05:59:25,793 - INFO - RCSB full-text mapping 26/406: O00762
2026-04-27 05:59:26,811 - INFO - RCSB full-text mapping 27/406: O14686
2026-04-27 05:59:27,830 - INFO - RCSB full-text mapping 28/406: O14933
2026-04-27 05:59:28,849 - INFO - RCSB full-text mapping 29/406: O15033
2026-04-27 05:59:29,868 - INFO - RCSB full-text mapping 30/406: O15151
2026-04-27 05:59:30,887 - INFO - RCSB full-text mapping 31/406: O15164
2026-04-27 05:59:31,908 - INFO - RCSB full-text mapping 32/406: O15344
2026-04-27 05:59:32,927 - INFO - RCSB full-text mapping 33/406: O15541
2026-04-27 05:59:33,946 - INFO - RCSB full-text mapping 34/406: O43164
2026-04-27 05:59:33,963 - INFO - RCSB full-text mapping 35/406: O43255
2026-04-27 05:59:34,982 - INFO - RCSB full-text mapping 36/406: O43567
2026-04-27 05:59:36,003 - INFO - RCSB full-text mapping 37/406: O60260
2026-04-27 05:59:37,050 - INFO - RCSB full-text mapping 38/406: O60291
2026-04-27 05:59:37,067 - INFO - RCSB full-text mapping 39/406: O60337
2026-04-27 05:59:37,084 - INFO - RCSB full-text mapping 40/406: O60683
2026-04-27 05:59:37,100 - INFO - RCSB full-text mapping 41/406: O60858
2026-04-27 05:59:37,116 - INFO - RCSB full-text mapping 42/406: O75150
2026-04-27 05:59:38,134 - INFO - RCSB full-text mapping 43/406: O75382
2026-04-27 05:59:39,154 - INFO - RCSB full-text mapping 44/406: O75592
2026-04-27 05:59:40,174 - INFO - RCSB full-text mapping 45/406: O75677
2026-04-27 05:59:40,192 - INFO - RCSB full-text mapping 46/406: O75678
2026-04-27 05:59:40,208 - INFO - RCSB full-text mapping 47/406: O75679
2026-04-27 05:59:40,225 - INFO - RCSB full-text mapping 48/406: O75928
2026-04-27 05:59:41,243 - INFO - RCSB full-text mapping 49/406: O76050
2026-04-27 05:59:41,260 - INFO - RCSB full-text mapping 50/406: O76064
2026-04-27 05:59:42,280 - INFO - RCSB full-text mapping 51/406: O94822
2026-04-27 05:59:43,299 - INFO - RCSB full-text mapping 52/406: O94941
2026-04-27 05:59:43,316 - INFO - RCSB full-text mapping 53/406: O94972
2026-04-27 05:59:44,334 - INFO - RCSB full-text mapping 54/406: O95071
2026-04-27 05:59:45,354 - INFO - RCSB full-text mapping 55/406: O95155
2026-04-27 05:59:46,375 - INFO - RCSB full-text mapping 56/406: O95159
2026-04-27 05:59:46,392 - INFO - RCSB full-text mapping 57/406: O95376
2026-04-27 05:59:47,412 - INFO - RCSB full-text mapping 58/406: O95628
2026-04-27 05:59:48,432 - INFO - RCSB full-text mapping 59/406: O95714
2026-04-27 05:59:49,452 - INFO - RCSB full-text mapping 60/406: P0CI25
2026-04-27 05:59:49,469 - INFO - RCSB full-text mapping 61/406: P0CI26
2026-04-27 05:59:49,486 - INFO - RCSB full-text mapping 62/406: P0DH78
2026-04-27 05:59:49,504 - INFO - RCSB full-text mapping 63/406: P0DTL6
2026-04-27 05:59:49,520 - INFO - RCSB full-text mapping 64/406: P14373
2026-04-27 05:59:49,537 - INFO - RCSB full-text mapping 65/406: P15918
2026-04-27 05:59:49,554 - INFO - RCSB full-text mapping 66/406: P19474
2026-04-27 05:59:50,573 - INFO - RCSB full-text mapping 67/406: P22681
2026-04-27 05:59:51,593 - INFO - RCSB full-text mapping 68/406: P28328
2026-04-27 05:59:51,611 - INFO - RCSB full-text mapping 69/406: P29590
2026-04-27 05:59:52,631 - INFO - RCSB full-text mapping 70/406: P35226
2026-04-27 05:59:53,652 - INFO - RCSB full-text mapping 71/406: P35227
2026-04-27 05:59:53,670 - INFO - RCSB full-text mapping 72/406: P36406
2026-04-27 05:59:54,690 - INFO - RCSB full-text mapping 73/406: P38398
2026-04-27 05:59:55,709 - INFO - RCSB full-text mapping 74/406: P46934
2026-04-27 05:59:56,729 - INFO - RCSB full-text mapping 75/406: P49427
2026-04-27 05:59:57,749 - INFO - RCSB full-text mapping 76/406: P49459
2026-04-27 05:59:58,769 - INFO - RCSB full-text mapping 77/406: P49754
2026-04-27 05:59:58,786 - INFO - RCSB full-text mapping 78/406: P50876
2026-04-27 05:59:59,805 - INFO - RCSB full-text mapping 79/406: P51668
2026-04-27 06:00:00,825 - INFO - RCSB full-text mapping 80/406: P51948
2026-04-27 06:00:01,845 - INFO - RCSB full-text mapping 81/406: P51965
2026-04-27 06:00:02,865 - INFO - RCSB full-text mapping 82/406: P53804
2026-04-27 06:00:02,883 - INFO - RCSB full-text mapping 83/406: P60604
2026-04-27 06:00:03,902 - INFO - RCSB full-text mapping 84/406: P61077
2026-04-27 06:00:04,922 - INFO - RCSB full-text mapping 85/406: P61081
2026-04-27 06:00:05,944 - INFO - RCSB full-text mapping 86/406: P61086
2026-04-27 06:00:06,965 - INFO - RCSB full-text mapping 87/406: P61088
2026-04-27 06:00:07,985 - INFO - RCSB full-text mapping 88/406: P62253
2026-04-27 06:00:09,005 - INFO - RCSB full-text mapping 89/406: P62256
2026-04-27 06:00:10,025 - INFO - RCSB full-text mapping 90/406: P62837
2026-04-27 06:00:11,044 - INFO - RCSB full-text mapping 91/406: P62877
2026-04-27 06:00:12,065 - INFO - RCSB full-text mapping 92/406: P63146
2026-04-27 06:00:13,084 - INFO - RCSB full-text mapping 93/406: P63279
2026-04-27 06:00:14,104 - INFO - RCSB full-text mapping 94/406: P68036
2026-04-27 06:00:15,123 - INFO - RCSB full-text mapping 95/406: P78317
2026-04-27 06:00:16,144 - INFO - RCSB full-text mapping 96/406: P98170
2026-04-27 06:00:17,163 - INFO - RCSB full-text mapping 97/406: Q00987
2026-04-27 06:00:18,184 - INFO - RCSB full-text mapping 98/406: Q05086
2026-04-27 06:00:19,204 - INFO - RCSB full-text mapping 99/406: Q06587
2026-04-27 06:00:19,222 - INFO - RCSB full-text mapping 100/406: Q09472
2026-04-27 06:00:20,241 - INFO - RCSB full-text mapping 101/406: Q12899
2026-04-27 06:00:20,258 - INFO - RCSB full-text mapping 102/406: Q12933
2026-04-27 06:00:21,276 - INFO - RCSB full-text mapping 103/406: Q12986
2026-04-27 06:00:21,293 - INFO - RCSB full-text mapping 104/406: Q13049
2026-04-27 06:00:22,312 - INFO - RCSB full-text mapping 105/406: Q13064
2026-04-27 06:00:23,331 - INFO - RCSB full-text mapping 106/406: Q13114
2026-04-27 06:00:24,349 - INFO - RCSB full-text mapping 107/406: Q13191
2026-04-27 06:00:25,368 - INFO - RCSB full-text mapping 108/406: Q13233
2026-04-27 06:00:26,389 - INFO - RCSB full-text mapping 109/406: Q13263
2026-04-27 06:00:27,410 - INFO - RCSB full-text mapping 110/406: Q13356
2026-04-27 06:00:28,430 - INFO - RCSB full-text mapping 111/406: Q13404
2026-04-27 06:00:29,450 - INFO - RCSB full-text mapping 112/406: Q13434
2026-04-27 06:00:29,467 - INFO - RCSB full-text mapping 113/406: Q13489
2026-04-27 06:00:30,486 - INFO - RCSB full-text mapping 114/406: Q13490
2026-04-27 06:00:31,507 - INFO - RCSB full-text mapping 115/406: Q13501
2026-04-27 06:00:32,529 - INFO - RCSB full-text mapping 116/406: Q13702
2026-04-27 06:00:32,546 - INFO - RCSB full-text mapping 117/406: Q14139
2026-04-27 06:00:33,566 - INFO - RCSB full-text mapping 118/406: Q14258
2026-04-27 06:00:34,585 - INFO - RCSB full-text mapping 119/406: Q14527
2026-04-27 06:00:35,605 - INFO - RCSB full-text mapping 120/406: Q14669
2026-04-27 06:00:36,625 - INFO - RCSB full-text mapping 121/406: Q149N8
2026-04-27 06:00:37,646 - INFO - RCSB full-text mapping 122/406: Q15034
2026-04-27 06:00:37,664 - INFO - RCSB full-text mapping 123/406: Q15386
2026-04-27 06:00:38,684 - INFO - RCSB full-text mapping 124/406: Q15751
2026-04-27 06:00:39,703 - INFO - RCSB full-text mapping 125/406: Q15819
2026-04-27 06:00:40,722 - INFO - RCSB full-text mapping 126/406: Q16763
2026-04-27 06:00:41,741 - INFO - RCSB full-text mapping 127/406: Q17RB8
2026-04-27 06:00:41,759 - INFO - RCSB full-text mapping 128/406: Q1L5Z9
2026-04-27 06:00:41,775 - INFO - RCSB full-text mapping 129/406: Q2KHN1
2026-04-27 06:00:41,792 - INFO - RCSB full-text mapping 130/406: Q2Q1W2
2026-04-27 06:00:42,811 - INFO - RCSB full-text mapping 131/406: Q3KNV8
2026-04-27 06:00:42,828 - INFO - RCSB full-text mapping 132/406: Q495C1
2026-04-27 06:00:42,844 - INFO - RCSB full-text mapping 133/406: Q495X7
2026-04-27 06:00:42,862 - INFO - RCSB full-text mapping 134/406: Q496Y0
2026-04-27 06:00:42,880 - INFO - RCSB full-text mapping 135/406: Q5EBN2
2026-04-27 06:00:42,896 - INFO - RCSB full-text mapping 136/406: Q5GLZ8
2026-04-27 06:00:42,912 - INFO - RCSB full-text mapping 137/406: Q5M7Z0
2026-04-27 06:00:42,929 - INFO - RCSB full-text mapping 138/406: Q5T0T0
2026-04-27 06:00:43,947 - INFO - RCSB full-text mapping 139/406: Q5T197
2026-04-27 06:00:43,963 - INFO - RCSB full-text mapping 140/406: Q5T447
2026-04-27 06:00:44,981 - INFO - RCSB full-text mapping 141/406: Q5T4S7
2026-04-27 06:00:46,002 - INFO - RCSB full-text mapping 142/406: Q5TA31
2026-04-27 06:00:47,022 - INFO - RCSB full-text mapping 143/406: Q5TC82
2026-04-27 06:00:48,041 - INFO - RCSB full-text mapping 144/406: Q5U5Q3
2026-04-27 06:00:49,060 - INFO - RCSB full-text mapping 145/406: Q5U5R9
2026-04-27 06:00:49,078 - INFO - RCSB full-text mapping 146/406: Q5VTB9
2026-04-27 06:00:49,096 - INFO - RCSB full-text mapping 147/406: Q5VTR2
2026-04-27 06:00:50,114 - INFO - RCSB full-text mapping 148/406: Q5VVX9
2026-04-27 06:00:51,134 - INFO - RCSB full-text mapping 149/406: Q5W0B1
2026-04-27 06:00:51,151 - INFO - RCSB full-text mapping 150/406: Q5XPI4
2026-04-27 06:00:52,171 - INFO - RCSB full-text mapping 151/406: Q63HN8
2026-04-27 06:00:53,189 - INFO - RCSB full-text mapping 152/406: Q68DV7
2026-04-27 06:00:54,208 - INFO - RCSB full-text mapping 153/406: Q6AZZ1
2026-04-27 06:00:54,244 - INFO - RCSB full-text mapping 154/406: Q6P9F5
2026-04-27 06:00:54,261 - INFO - RCSB full-text mapping 155/406: Q6PCD5
2026-04-27 06:00:55,280 - INFO - RCSB full-text mapping 156/406: Q6PJ69
2026-04-27 06:00:56,299 - INFO - RCSB full-text mapping 157/406: Q6PJI9
2026-04-27 06:00:57,319 - INFO - RCSB full-text mapping 158/406: Q6Q0C0
2026-04-27 06:00:58,337 - INFO - RCSB full-text mapping 159/406: Q6UWE0
2026-04-27 06:00:58,354 - INFO - RCSB full-text mapping 160/406: Q6VVB1
2026-04-27 06:00:58,370 - INFO - RCSB full-text mapping 161/406: Q6ZMN7
2026-04-27 06:00:58,396 - INFO - RCSB full-text mapping 162/406: Q6ZMU5
2026-04-27 06:00:59,414 - INFO - RCSB full-text mapping 163/406: Q6ZMZ0
2026-04-27 06:00:59,431 - INFO - RCSB full-text mapping 164/406: Q6ZN04
2026-04-27 06:01:00,450 - INFO - RCSB full-text mapping 165/406: Q6ZNA4
2026-04-27 06:01:01,470 - INFO - RCSB full-text mapping 166/406: Q6ZNB6
2026-04-27 06:01:01,488 - INFO - RCSB full-text mapping 167/406: Q6ZRF8
2026-04-27 06:01:01,504 - INFO - RCSB full-text mapping 168/406: Q6ZSG1
2026-04-27 06:01:02,532 - INFO - RCSB full-text mapping 169/406: Q6ZT12
2026-04-27 06:01:02,551 - INFO - RCSB full-text mapping 170/406: Q6ZTA4
2026-04-27 06:01:03,569 - INFO - RCSB full-text mapping 171/406: Q6ZWI9
2026-04-27 06:01:03,586 - INFO - RCSB full-text mapping 172/406: Q712K3
2026-04-27 06:01:04,605 - INFO - RCSB full-text mapping 173/406: Q75N03
2026-04-27 06:01:04,623 - INFO - RCSB full-text mapping 174/406: Q76N89
2026-04-27 06:01:05,641 - INFO - RCSB full-text mapping 175/406: Q7L0R7
2026-04-27 06:01:05,659 - INFO - RCSB full-text mapping 176/406: Q7L5Y9
2026-04-27 06:01:06,679 - INFO - RCSB full-text mapping 177/406: Q7L622
2026-04-27 06:01:06,697 - INFO - RCSB full-text mapping 178/406: Q7Z3V4
2026-04-27 06:01:06,715 - INFO - RCSB full-text mapping 179/406: Q7Z419
2026-04-27 06:01:06,731 - INFO - RCSB full-text mapping 180/406: Q7Z4K8
2026-04-27 06:01:06,748 - INFO - RCSB full-text mapping 181/406: Q7Z569
2026-04-27 06:01:06,765 - INFO - RCSB full-text mapping 182/406: Q7Z5L9
2026-04-27 06:01:07,782 - INFO - RCSB full-text mapping 183/406: Q7Z6E9
2026-04-27 06:01:08,801 - INFO - RCSB full-text mapping 184/406: Q7Z6J0
2026-04-27 06:01:09,821 - INFO - RCSB full-text mapping 185/406: Q7Z6J8
2026-04-27 06:01:09,840 - INFO - RCSB full-text mapping 186/406: Q7Z6Z7
2026-04-27 06:01:10,859 - INFO - RCSB full-text mapping 187/406: Q7Z7E8
2026-04-27 06:01:11,878 - INFO - RCSB full-text mapping 188/406: Q86SE9
2026-04-27 06:01:12,920 - INFO - RCSB full-text mapping 189/406: Q86T96
2026-04-27 06:01:12,937 - INFO - RCSB full-text mapping 190/406: Q86TM6
2026-04-27 06:01:13,956 - INFO - RCSB full-text mapping 191/406: Q86UD3
2026-04-27 06:01:13,974 - INFO - RCSB full-text mapping 192/406: Q86UK7
2026-04-27 06:01:13,991 - INFO - RCSB full-text mapping 193/406: Q86UV6
2026-04-27 06:01:14,008 - INFO - RCSB full-text mapping 194/406: Q86UV7
2026-04-27 06:01:14,024 - INFO - RCSB full-text mapping 195/406: Q86UW9
2026-04-27 06:01:15,042 - INFO - RCSB full-text mapping 196/406: Q86WT6
2026-04-27 06:01:16,062 - INFO - RCSB full-text mapping 197/406: Q86XN8
2026-04-27 06:01:17,082 - INFO - RCSB full-text mapping 198/406: Q86XS8
2026-04-27 06:01:17,100 - INFO - RCSB full-text mapping 199/406: Q86XT4
2026-04-27 06:01:17,116 - INFO - RCSB full-text mapping 200/406: Q86Y01
2026-04-27 06:01:18,134 - INFO - RCSB full-text mapping 201/406: Q86Y13
2026-04-27 06:01:18,151 - INFO - RCSB full-text mapping 202/406: Q86YJ5
2026-04-27 06:01:18,167 - INFO - RCSB full-text mapping 203/406: Q86YT6
2026-04-27 06:01:19,186 - INFO - RCSB full-text mapping 204/406: Q8IU81
2026-04-27 06:01:19,203 - INFO - RCSB full-text mapping 205/406: Q8IUD6
2026-04-27 06:01:20,223 - INFO - RCSB full-text mapping 206/406: Q8IUQ4
2026-04-27 06:01:21,242 - INFO - RCSB full-text mapping 207/406: Q8IVU3
2026-04-27 06:01:22,261 - INFO - RCSB full-text mapping 208/406: Q8IWR1
2026-04-27 06:01:22,278 - INFO - RCSB full-text mapping 209/406: Q8IWT3
2026-04-27 06:01:23,298 - INFO - RCSB full-text mapping 210/406: Q8IWV7
2026-04-27 06:01:24,317 - INFO - RCSB full-text mapping 211/406: Q8IWV8
2026-04-27 06:01:25,335 - INFO - RCSB full-text mapping 212/406: Q8IWZ4
2026-04-27 06:01:25,353 - INFO - RCSB full-text mapping 213/406: Q8IWZ5
2026-04-27 06:01:25,369 - INFO - RCSB full-text mapping 214/406: Q8IYM9
2026-04-27 06:01:25,386 - INFO - RCSB full-text mapping 215/406: Q8IYU2
2026-04-27 06:01:26,404 - INFO - RCSB full-text mapping 216/406: Q8IYW5
2026-04-27 06:01:27,423 - INFO - RCSB full-text mapping 217/406: Q8IZP6
2026-04-27 06:01:28,442 - INFO - RCSB full-text mapping 218/406: Q8N2H9
2026-04-27 06:01:28,459 - INFO - RCSB full-text mapping 219/406: Q8N2K1
2026-04-27 06:01:29,477 - INFO - RCSB full-text mapping 220/406: Q8N2W9
2026-04-27 06:01:29,494 - INFO - RCSB full-text mapping 221/406: Q8N3P4
2026-04-27 06:01:29,511 - INFO - RCSB full-text mapping 222/406: Q8N448
2026-04-27 06:01:30,530 - INFO - RCSB full-text mapping 223/406: Q8N4F7
2026-04-27 06:01:30,547 - INFO - RCSB full-text mapping 224/406: Q8N5U6
2026-04-27 06:01:30,564 - INFO - RCSB full-text mapping 225/406: Q8N6D2
2026-04-27 06:01:30,579 - INFO - RCSB full-text mapping 226/406: Q8N7C7
2026-04-27 06:01:30,595 - INFO - RCSB full-text mapping 227/406: Q8N7E2
2026-04-27 06:01:30,611 - INFO - RCSB full-text mapping 228/406: Q8N8N0
2026-04-27 06:01:30,627 - INFO - RCSB full-text mapping 229/406: Q8N9I9
2026-04-27 06:01:30,642 - INFO - RCSB full-text mapping 230/406: Q8N9V2
2026-04-27 06:01:30,681 - INFO - RCSB full-text mapping 231/406: Q8N9V3
2026-04-27 06:01:30,697 - INFO - RCSB full-text mapping 232/406: Q8NA82
2026-04-27 06:01:30,714 - INFO - RCSB full-text mapping 233/406: Q8NC42
2026-04-27 06:01:30,729 - INFO - RCSB full-text mapping 234/406: Q8NCN4
2026-04-27 06:01:31,747 - INFO - RCSB full-text mapping 235/406: Q8ND24
2026-04-27 06:01:31,764 - INFO - RCSB full-text mapping 236/406: Q8ND25
2026-04-27 06:01:32,782 - INFO - RCSB full-text mapping 237/406: Q8NEG5
2026-04-27 06:01:33,800 - INFO - RCSB full-text mapping 238/406: Q8NEZ4
2026-04-27 06:01:34,818 - INFO - RCSB full-text mapping 239/406: Q8NF64
2026-04-27 06:01:34,835 - INFO - RCSB full-text mapping 240/406: Q8NG06
2026-04-27 06:01:35,854 - INFO - RCSB full-text mapping 241/406: Q8NG27
2026-04-27 06:01:36,874 - INFO - RCSB full-text mapping 242/406: Q8NHG8
2026-04-27 06:01:36,891 - INFO - RCSB full-text mapping 243/406: Q8NHY2
2026-04-27 06:01:37,909 - INFO - RCSB full-text mapping 244/406: Q8TBB1
2026-04-27 06:01:38,929 - INFO - RCSB full-text mapping 245/406: Q8TC41
2026-04-27 06:01:38,946 - INFO - RCSB full-text mapping 246/406: Q8TCQ1
2026-04-27 06:01:38,962 - INFO - RCSB full-text mapping 247/406: Q8TDB6
2026-04-27 06:01:39,980 - INFO - RCSB full-text mapping 248/406: Q8TEB7
2026-04-27 06:01:41,000 - INFO - RCSB full-text mapping 249/406: Q8TEC5
2026-04-27 06:01:41,017 - INFO - RCSB full-text mapping 250/406: Q8TEJ3
2026-04-27 06:01:41,033 - INFO - RCSB full-text mapping 251/406: Q8WU17
2026-04-27 06:01:41,049 - INFO - RCSB full-text mapping 252/406: Q8WV22
2026-04-27 06:01:42,068 - INFO - RCSB full-text mapping 253/406: Q8WV44
2026-04-27 06:01:43,087 - INFO - RCSB full-text mapping 254/406: Q8WVD3
2026-04-27 06:01:43,105 - INFO - RCSB full-text mapping 255/406: Q8WVD5
2026-04-27 06:01:44,124 - INFO - RCSB full-text mapping 256/406: Q8WVN8
2026-04-27 06:01:45,145 - INFO - RCSB full-text mapping 257/406: Q8WVZ7
2026-04-27 06:01:45,162 - INFO - RCSB full-text mapping 258/406: Q8WWF5
2026-04-27 06:01:45,178 - INFO - RCSB full-text mapping 259/406: Q8WY64
2026-04-27 06:01:46,196 - INFO - RCSB full-text mapping 260/406: Q8WZ73
2026-04-27 06:01:47,215 - INFO - RCSB full-text mapping 261/406: Q92793
2026-04-27 06:01:48,235 - INFO - RCSB full-text mapping 262/406: Q969K3
2026-04-27 06:01:48,252 - INFO - RCSB full-text mapping 263/406: Q969M7
2026-04-27 06:01:49,271 - INFO - RCSB full-text mapping 264/406: Q969Q1
2026-04-27 06:01:50,293 - INFO - RCSB full-text mapping 265/406: Q969T4
2026-04-27 06:01:50,311 - INFO - RCSB full-text mapping 266/406: Q969V5
2026-04-27 06:01:51,329 - INFO - RCSB full-text mapping 267/406: Q96A37
2026-04-27 06:01:51,348 - INFO - RCSB full-text mapping 268/406: Q96A61
2026-04-27 06:01:51,364 - INFO - RCSB full-text mapping 269/406: Q96AX9
2026-04-27 06:01:51,382 - INFO - RCSB full-text mapping 270/406: Q96B02
2026-04-27 06:01:52,401 - INFO - RCSB full-text mapping 271/406: Q96BH1
2026-04-27 06:01:53,421 - INFO - RCSB full-text mapping 272/406: Q96BQ3
2026-04-27 06:01:53,438 - INFO - RCSB full-text mapping 273/406: Q96CA5
2026-04-27 06:01:54,456 - INFO - RCSB full-text mapping 274/406: Q96D59
2026-04-27 06:01:54,473 - INFO - RCSB full-text mapping 275/406: Q96DX4
2026-04-27 06:01:54,491 - INFO - RCSB full-text mapping 276/406: Q96EH8
2026-04-27 06:01:54,508 - INFO - RCSB full-text mapping 277/406: Q96EP0
2026-04-27 06:01:55,526 - INFO - RCSB full-text mapping 278/406: Q96EP1
2026-04-27 06:01:56,546 - INFO - RCSB full-text mapping 279/406: Q96EQ8
2026-04-27 06:01:57,566 - INFO - RCSB full-text mapping 280/406: Q96EX2
2026-04-27 06:01:57,584 - INFO - RCSB full-text mapping 281/406: Q96F44
2026-04-27 06:01:58,603 - INFO - RCSB full-text mapping 282/406: Q96FA3
2026-04-27 06:01:59,623 - INFO - RCSB full-text mapping 283/406: Q96G75
2026-04-27 06:01:59,641 - INFO - RCSB full-text mapping 284/406: Q96GF1
2026-04-27 06:01:59,657 - INFO - RCSB full-text mapping 285/406: Q96J02
2026-04-27 06:02:00,675 - INFO - RCSB full-text mapping 286/406: Q96K19
2026-04-27 06:02:00,693 - INFO - RCSB full-text mapping 287/406: Q96LD4
2026-04-27 06:02:00,710 - INFO - RCSB full-text mapping 288/406: Q96LR5
2026-04-27 06:02:01,728 - INFO - RCSB full-text mapping 289/406: Q96MF7
2026-04-27 06:02:02,747 - INFO - RCSB full-text mapping 290/406: Q96MT1
2026-04-27 06:02:02,766 - INFO - RCSB full-text mapping 291/406: Q96P09
2026-04-27 06:02:03,785 - INFO - RCSB full-text mapping 292/406: Q96PM5
2026-04-27 06:02:04,804 - INFO - RCSB full-text mapping 293/406: Q96PU4
2026-04-27 06:02:05,824 - INFO - RCSB full-text mapping 294/406: Q96PU5
2026-04-27 06:02:06,844 - INFO - RCSB full-text mapping 295/406: Q96PX1
2026-04-27 06:02:06,863 - INFO - RCSB full-text mapping 296/406: Q96T88
2026-04-27 06:02:07,882 - INFO - RCSB full-text mapping 297/406: Q99496
2026-04-27 06:02:08,903 - INFO - RCSB full-text mapping 298/406: Q99590
2026-04-27 06:02:08,920 - INFO - RCSB full-text mapping 299/406: Q99675
2026-04-27 06:02:09,938 - INFO - RCSB full-text mapping 300/406: Q99728
2026-04-27 06:02:10,957 - INFO - RCSB full-text mapping 301/406: Q99942
2026-04-27 06:02:10,975 - INFO - RCSB full-text mapping 302/406: Q9BRZ2
2026-04-27 06:02:11,994 - INFO - RCSB full-text mapping 303/406: Q9BSJ1
2026-04-27 06:02:12,011 - INFO - RCSB full-text mapping 304/406: Q9BSM1
2026-04-27 06:02:13,030 - INFO - RCSB full-text mapping 305/406: Q9BUZ4
2026-04-27 06:02:14,050 - INFO - RCSB full-text mapping 306/406: Q9BV68
2026-04-27 06:02:15,069 - INFO - RCSB full-text mapping 307/406: Q9BVG3
2026-04-27 06:02:15,088 - INFO - RCSB full-text mapping 308/406: Q9BWF2
2026-04-27 06:02:16,106 - INFO - RCSB full-text mapping 309/406: Q9BWX1
2026-04-27 06:02:16,124 - INFO - RCSB full-text mapping 310/406: Q9BXT8
2026-04-27 06:02:17,142 - INFO - RCSB full-text mapping 311/406: Q9BY78
2026-04-27 06:02:17,160 - INFO - RCSB full-text mapping 312/406: Q9BYE7
2026-04-27 06:02:18,179 - INFO - RCSB full-text mapping 313/406: Q9BYJ4
2026-04-27 06:02:19,197 - INFO - RCSB full-text mapping 314/406: Q9BYM8
2026-04-27 06:02:20,217 - INFO - RCSB full-text mapping 315/406: Q9BYV2
2026-04-27 06:02:21,236 - INFO - RCSB full-text mapping 316/406: Q9BYV6
2026-04-27 06:02:21,253 - INFO - RCSB full-text mapping 317/406: Q9BZR9
2026-04-27 06:02:21,269 - INFO - RCSB full-text mapping 318/406: Q9BZY9
2026-04-27 06:02:22,288 - INFO - RCSB full-text mapping 319/406: Q9C019
2026-04-27 06:02:23,307 - INFO - RCSB full-text mapping 320/406: Q9C026
2026-04-27 06:02:24,327 - INFO - RCSB full-text mapping 321/406: Q9C029
2026-04-27 06:02:25,347 - INFO - RCSB full-text mapping 322/406: Q9C030
2026-04-27 06:02:25,363 - INFO - RCSB full-text mapping 323/406: Q9C035
2026-04-27 06:02:26,381 - INFO - RCSB full-text mapping 324/406: Q9C037
2026-04-27 06:02:26,399 - INFO - RCSB full-text mapping 325/406: Q9C040
2026-04-27 06:02:27,418 - INFO - RCSB full-text mapping 326/406: Q9C0B0
2026-04-27 06:02:27,436 - INFO - RCSB full-text mapping 327/406: Q9C0C9
2026-04-27 06:02:28,455 - INFO - RCSB full-text mapping 328/406: Q9H000
2026-04-27 06:02:28,472 - INFO - RCSB full-text mapping 329/406: Q9H0A6
2026-04-27 06:02:28,488 - INFO - RCSB full-text mapping 330/406: Q9H0F5
2026-04-27 06:02:29,507 - INFO - RCSB full-text mapping 331/406: Q9H0M0
2026-04-27 06:02:30,526 - INFO - RCSB full-text mapping 332/406: Q9H0X6
2026-04-27 06:02:30,542 - INFO - RCSB full-text mapping 333/406: Q9H1B7
2026-04-27 06:02:31,560 - INFO - RCSB full-text mapping 334/406: Q9H270
2026-04-27 06:02:31,576 - INFO - RCSB full-text mapping 335/406: Q9H2S5
2026-04-27 06:02:31,592 - INFO - RCSB full-text mapping 336/406: Q9H4P4
2026-04-27 06:02:32,610 - INFO - RCSB full-text mapping 337/406: Q9H6Y7
2026-04-27 06:02:32,627 - INFO - RCSB full-text mapping 338/406: Q9H832
2026-04-27 06:02:33,645 - INFO - RCSB full-text mapping 339/406: Q9H871
2026-04-27 06:02:34,663 - INFO - RCSB full-text mapping 340/406: Q9H8W5
2026-04-27 06:02:35,683 - INFO - RCSB full-text mapping 341/406: Q9H920
2026-04-27 06:02:35,700 - INFO - RCSB full-text mapping 342/406: Q9H992
2026-04-27 06:02:35,716 - INFO - RCSB full-text mapping 343/406: Q9H9P5
2026-04-27 06:02:35,733 - INFO - RCSB full-text mapping 344/406: Q9H9V4
2026-04-27 06:02:35,748 - INFO - RCSB full-text mapping 345/406: Q9HAT8
2026-04-27 06:02:36,765 - INFO - RCSB full-text mapping 346/406: Q9HAU4
2026-04-27 06:02:37,785 - INFO - RCSB full-text mapping 347/406: Q9HBD1
2026-04-27 06:02:38,804 - INFO - RCSB full-text mapping 348/406: Q9HCE7
2026-04-27 06:02:39,825 - INFO - RCSB full-text mapping 349/406: Q9HCI7
2026-04-27 06:02:40,844 - INFO - RCSB full-text mapping 350/406: Q9HCM9
2026-04-27 06:02:41,863 - INFO - RCSB full-text mapping 351/406: Q9NPC3
2026-04-27 06:02:42,883 - INFO - RCSB full-text mapping 352/406: Q9NPD8
2026-04-27 06:02:43,901 - INFO - RCSB full-text mapping 353/406: Q9NQ86
2026-04-27 06:02:44,920 - INFO - RCSB full-text mapping 354/406: Q9NR09
2026-04-27 06:02:45,939 - INFO - RCSB full-text mapping 355/406: Q9NS56
2026-04-27 06:02:45,955 - INFO - RCSB full-text mapping 356/406: Q9NS91
2026-04-27 06:02:46,974 - INFO - RCSB full-text mapping 357/406: Q9NTX7
2026-04-27 06:02:47,993 - INFO - RCSB full-text mapping 358/406: Q9NV58
2026-04-27 06:02:48,010 - INFO - RCSB full-text mapping 359/406: Q9NVW2
2026-04-27 06:02:49,028 - INFO - RCSB full-text mapping 360/406: Q9NW38
2026-04-27 06:02:50,048 - INFO - RCSB full-text mapping 361/406: Q9NWF9
2026-04-27 06:02:51,067 - INFO - RCSB full-text mapping 362/406: Q9NX47
2026-04-27 06:02:51,084 - INFO - RCSB full-text mapping 363/406: Q9NXI6
2026-04-27 06:02:51,100 - INFO - RCSB full-text mapping 364/406: Q9NYG5
2026-04-27 06:02:52,118 - INFO - RCSB full-text mapping 365/406: Q9NZS9
2026-04-27 06:02:52,134 - INFO - RCSB full-text mapping 366/406: Q9P0J7
2026-04-27 06:02:53,153 - INFO - RCSB full-text mapping 367/406: Q9P0N8
2026-04-27 06:02:53,170 - INFO - RCSB full-text mapping 368/406: Q9P0P0
2026-04-27 06:02:53,186 - INFO - RCSB full-text mapping 369/406: Q9P1Y6
2026-04-27 06:02:53,203 - INFO - RCSB full-text mapping 370/406: Q9P253
2026-04-27 06:02:53,219 - INFO - RCSB full-text mapping 371/406: Q9P2E8
2026-04-27 06:02:53,235 - INFO - RCSB full-text mapping 372/406: Q9P2G1
2026-04-27 06:02:53,251 - INFO - RCSB full-text mapping 373/406: Q9P2P5
2026-04-27 06:02:54,269 - INFO - RCSB full-text mapping 374/406: Q9UBF6
2026-04-27 06:02:55,288 - INFO - RCSB full-text mapping 375/406: Q9UBN7
2026-04-27 06:02:56,308 - INFO - RCSB full-text mapping 376/406: Q9UBS8
2026-04-27 06:02:56,325 - INFO - RCSB full-text mapping 377/406: Q9UDY6
2026-04-27 06:02:57,343 - INFO - RCSB full-text mapping 378/406: Q9UHC7
2026-04-27 06:02:57,361 - INFO - RCSB full-text mapping 379/406: Q9UII4
2026-04-27 06:02:58,379 - INFO - RCSB full-text mapping 380/406: Q9UJV3
2026-04-27 06:02:59,397 - INFO - RCSB full-text mapping 381/406: Q9UKV5
2026-04-27 06:03:00,417 - INFO - RCSB full-text mapping 382/406: Q9ULJ6
2026-04-27 06:03:01,435 - INFO - RCSB full-text mapping 383/406: Q9ULK6
2026-04-27 06:03:01,452 - INFO - RCSB full-text mapping 384/406: Q9ULT6
2026-04-27 06:03:02,472 - INFO - RCSB full-text mapping 385/406: Q9ULT8
2026-04-27 06:03:03,492 - INFO - RCSB full-text mapping 386/406: Q9ULV8
2026-04-27 06:03:04,510 - INFO - RCSB full-text mapping 387/406: Q9ULX5
2026-04-27 06:03:04,527 - INFO - RCSB full-text mapping 388/406: Q9UMS4
2026-04-27 06:03:05,546 - INFO - RCSB full-text mapping 389/406: Q9UNE7
2026-04-27 06:03:06,565 - INFO - RCSB full-text mapping 390/406: Q9UPN9
2026-04-27 06:03:07,584 - INFO - RCSB full-text mapping 391/406: Q9UPQ4
2026-04-27 06:03:07,600 - INFO - RCSB full-text mapping 392/406: Q9UPQ7
2026-04-27 06:03:08,619 - INFO - RCSB full-text mapping 393/406: Q9Y225
2026-04-27 06:03:09,638 - INFO - RCSB full-text mapping 394/406: Q9Y252
2026-04-27 06:03:09,655 - INFO - RCSB full-text mapping 395/406: Q9Y2E6
2026-04-27 06:03:09,671 - INFO - RCSB full-text mapping 396/406: Q9Y2X8
2026-04-27 06:03:09,687 - INFO - RCSB full-text mapping 397/406: Q9Y314
2026-04-27 06:03:10,706 - INFO - RCSB full-text mapping 398/406: Q9Y385
2026-04-27 06:03:10,724 - INFO - RCSB full-text mapping 399/406: Q9Y3C5
2026-04-27 06:03:10,740 - INFO - RCSB full-text mapping 400/406: Q9Y4D8
2026-04-27 06:03:10,756 - INFO - RCSB full-text mapping 401/406: Q9Y4K3
2026-04-27 06:03:11,773 - INFO - RCSB full-text mapping 402/406: Q9Y4L5
2026-04-27 06:03:11,791 - INFO - RCSB full-text mapping 403/406: Q9Y4X5
2026-04-27 06:03:12,810 - INFO - RCSB full-text mapping 404/406: Q9Y508
2026-04-27 06:03:12,826 - INFO - RCSB full-text mapping 405/406: Q9Y577
2026-04-27 06:03:12,842 - INFO - RCSB full-text mapping 406/406: Q9Y6U7
2026-04-27 06:03:12,860 - INFO - Combined mapping complete
2026-04-27 06:03:12,861 - INFO - Total unique PDB IDs mapped: 2009
2026-04-27 06:03:12,861 - INFO - Processing all 2009 PDB IDs
2026-04-27 06:03:12,861 - INFO - JSON API: 1/2009 13RZ
2026-04-27 06:03:16,838 - INFO - JSON API: 51/2009 1FP0
2026-04-27 06:03:22,112 - INFO - JSON API: 101/2009 1TFT
2026-04-27 06:03:26,088 - INFO - JSON API: 151/2009 2C2V
2026-04-27 06:03:30,701 - INFO - JSON API: 201/2009 2EKK
2026-04-27 06:03:34,653 - INFO - JSON API: 251/2009 2KJH
2026-04-27 06:03:39,698 - INFO - JSON API: 301/2009 2MT5
2026-04-27 06:03:43,740 - INFO - JSON API: 351/2009 2XBF
2026-04-27 06:03:48,581 - INFO - JSON API: 401/2009 3D9T
2026-04-27 06:03:52,584 - INFO - JSON API: 451/2009 3J92
2026-04-27 06:03:58,525 - INFO - JSON API: 501/2009 3P1D
2026-04-27 06:04:02,766 - INFO - JSON API: 551/2009 3UW5
2026-04-27 06:04:08,029 - INFO - JSON API: 601/2009 4ERQ
2026-04-27 06:04:12,279 - INFO - JSON API: 651/2009 4KMN
2026-04-27 06:04:17,264 - INFO - JSON API: 701/2009 4OQ3
2026-04-27 06:04:21,930 - INFO - JSON API: 751/2009 4W5V
2026-04-27 06:04:27,470 - INFO - JSON API: 801/2009 5AIU
2026-04-27 06:04:31,501 - INFO - JSON API: 851/2009 5EYA
2026-04-27 06:04:37,008 - INFO - JSON API: 901/2009 5J7G
2026-04-27 06:04:42,228 - INFO - JSON API: 951/2009 5MQF
2026-04-27 06:04:48,206 - INFO - JSON API: 1001/2009 5VO0
2026-04-27 06:04:55,841 - INFO - JSON API: 1051/2009 5ZXF
2026-04-27 06:05:02,139 - INFO - JSON API: 1101/2009 6FYH
2026-04-27 06:05:08,324 - INFO - JSON API: 1151/2009 6M64
2026-04-27 06:05:16,102 - INFO - JSON API: 1201/2009 6SC9
2026-04-27 06:05:21,330 - INFO - JSON API: 1251/2009 6WHB
2026-04-27 06:05:29,248 - INFO - JSON API: 1301/2009 7E8I
2026-04-27 06:05:39,836 - INFO - JSON API: 1351/2009 7ND1
2026-04-27 06:05:48,751 - INFO - JSON API: 1401/2009 7SSK
2026-04-27 06:05:55,054 - INFO - JSON API: 1451/2009 7YUI
2026-04-27 06:06:04,130 - INFO - JSON API: 1501/2009 8E1D
2026-04-27 06:06:08,561 - INFO - JSON API: 1551/2009 8GRM
2026-04-27 06:06:23,402 - INFO - JSON API: 1601/2009 8J2P
2026-04-27 06:06:28,678 - INFO - JSON API: 1651/2009 8P82
2026-04-27 06:06:35,991 - INFO - JSON API: 1701/2009 8SMW
2026-04-27 06:06:46,586 - INFO - JSON API: 1751/2009 8WAQ
2026-04-27 06:06:55,567 - INFO - JSON API: 1801/2009 9B62
2026-04-27 06:07:02,493 - INFO - JSON API: 1851/2009 9GES
2026-04-27 06:07:09,236 - INFO - JSON API: 1901/2009 9KB9
2026-04-27 06:07:15,378 - INFO - JSON API: 1951/2009 9Q8Y
2026-04-27 06:07:22,749 - INFO - JSON API: 2001/2009 9UV6
2026-04-27 06:07:23,289 - INFO - JSON API returned base info for 2009 entries
2026-04-27 06:07:23,378 - INFO - UniProt gene-mapping batch 1: 400 IDs
2026-04-27 06:07:29,449 - INFO - UniProt gene-mapping batch 2: 6 IDs
2026-04-27 06:07:35,156 - INFO - Mapped 406 UniProt IDs to gene names via mapping API
2026-04-27 06:07:35,214 - INFO - Saved main CSV: /home/runner/work/UbiqCore/UbiqCore/util/data/pdb_updates/pdb_structures_detailed_update_20260427.csv
2026-04-27 06:07:35,218 - INFO - 
Summary:
2026-04-27 06:07:35,218 - INFO - Total unique PDB structures: 2009
2026-04-27 06:07:35,219 - INFO - PDB structures containing E2 (by UniProt IDs): 364
2026-04-27 06:07:35,220 - INFO - PDB structures containing E3 (by UniProt IDs): 1780
2026-04-27 06:07:35,220 - INFO - PDB structures containing Ubiquitin: 171
2026-04-27 06:07:35,221 - INFO - PDB structures containing both E2 and E3: 135
2026-04-27 06:07:35,221 - INFO - PDB structures containing E2, E3, and Ubiquitin: 58
2026-04-27 06:07:35,222 - INFO - processing complete.
